wptr_full: 
reg__37: 
reg__78: 
reg__41: 
logic__423: 
case__34: 
case__17: 
logic__49: 
logic__371: 
reg__58: 
logic__190: 
logic__445: 
reg__90: 
keep__24: 
gpio: 
reg__99: 
logic__303: 
delay_n__parameterized1: 
keep__40: 
reg__26: 
reg__10: 
logic__335: 
keep__39: 
cdc_fifomem: 
logic__67: 
reg__108: 
reg__73: 
case__3: 
tdc_sw_interface: 
logic__333: 
case__19: 
logic__223: 
reg__109: 
reg__65: 
case__37: 
datapath__21: 
logic__347: 
reg__66: 
counter: 
keep__13: 
keep__41: 
logic__203: 
logic__11: 
logic__20: 
reg__52: 
logic__88: 
datapath__25: 
reg__22: 
logic__227: 
keep__6: 
reg__82: 
logic__359: 
reg__39: 
clk_divide: 
reg__95: 
reg__38: 
logic__363: 
flag_domain_crossing: 
reg__45: 
logic__6: 
logic__403: 
logic__178: 
muxpart__2: 
reg__28: 
case__2: 
logic__425: 
WRAP_SiTCP_GMII_XC7K_32K: 
reg__36: 
logic__355: 
logic__12: 
case: 
keep__17: 
logic__9: 
logic__228: 
reg__114: 
logic__393: 
reg__67: 
logic__353: 
muxpart__5: 
logic__151: 
reg__29: 
logic__204: 
datapath__32: 
cdc_sync_r2w: 
reg__21: 
logic__7: 
cdc_syncfifo: 
keep__3: 
reg__13: 
reg__79: 
muxpart__10: 
case__21: 
reg__60: 
logic__249: 
dsp48e1: 
reg__110: 
keep__10: 
logic__80: 
reg__103: 
logic__26: 
reg__40: 
logic__236: 
keep__15: 
case__42: 
reg__64: 
logic__336: 
controller: 
logic__166: 
logic__369: 
logic__39: 
reg__76: 
case__39: 
reg__33: 
datapath: 
muxpart__11: 
logic__361: 
case__1: 
counter__6: 
case__25: 
reg__31: 
tdc_bdaq: 
case__45: 
reg__85: 
logic__68: 
rgmii_io: 
gerneric_fifo__parameterized0: 
logic__77: 
logic__193: 
keep__16: 
datapath__26: 
graycode_2stage_cdc: 
case__22: 
keep__33: 
keep__32: 
datapath__30: 
case__16: 
logic__381: 
muxpart__3: 
case__31: 
word_broker: 
reg__111: 
logic__310: 
datapath__3: 
logic__426: 
cdc_sync_w2r: 
logic__160: 
reg__59: 
logic__307: 
logic__74: 
logic__399: 
datapath__5: 
datapath__31: 
logic__367: 
reg__80: 
reg__6: 
reg__113: 
logic__81: 
reg__75: 
keep__31: 
logic__427: 
keep__19: 
reg__92: 
case__11: 
logic__10: 
reg__42: 
reg__20: 
muxpart__12: 
logic__254: 
logic__385: 
logic__289: 
logic__233: 
bus_to_ip__parameterized0: 
logic__36: 
logic__181: 
logic__304: 
logic__251: 
logic__324: 
case__14: 
keep__14: 
reg__18: 
keep__37: 
datapath__29: 
case__24: 
tdl_and_detector: 
datapath__6: 
logic__211: 
reg__70: 
reg__56: 
datapath__12: 
logic__86: 
logic__345: 
logic__298: 
TIMER: 
logic__64: 
extram: 
reg__100: 
reg__91: 
case__26: 
counter__8: 
logic__421: 
bus_to_ip: 
reg__44: 
reg__101: 
muxpart__1: 
logic__357: 
logic__343: 
case__44: 
reg__53: 
case__5: 
reg__106: 
logic__302: 
datapath__18: 
logic__437: 
logic__60: 
datapath__33: 
keep__4: 
reg__48: 
datapath__20: 
logic__439: 
logic__375: 
logic__169: 
case__8: 
logic__154: 
logic__207: 
logic__13: 
keep__5: 
keep__20: 
muxpart: 
case__43: 
logic__314: 
keep__2: 
datapath__16: 
logic__234: 
reg__49: 
case__20: 
reg__46: 
counter__3: 
logic__377: 
reg__55: 
reg__81: 
datapath__11: 
logic__33: 
logic__17: 
logic__220: 
logic__397: 
reg__19: 
logic__349: 
logic__14: 
keep__12: 
reg__98: 
muxpart__14: 
reg__57: 
datapath__10: 
logic__40: 
case__6: 
reg__23: 
keep: 
logic__57: 
datapath__15: 
logic__432: 
datapath__1: 
datapath__4: 
reg__71: 
keep__36: 
gpio_core: 
reg__9: 
counter__2: 
case__29: 
logic__373: 
logic__184: 
logic__237: 
logic__35: 
keep__21: 
logic__342: 
logic__451: 
datapath__7: 
logic__54: 
logic__448: 
reg__96: 
keep__26: 
logic__389: 
reg__5: 
fifo_32_to_8: 
logic__65: 
logic__66: 
muxpart__16: 
keep__18: 
reg__35: 
logic__243: 
logic__238: 
reg__87: 
reg__69: 
datapath__9: 
reg__8: 
reg__27: 
datapath__27: 
keep__23: 
reg__3: 
logic__212: 
sample_deser: 
datapath__24: 
reg__24: 
muxpart__17: 
logic__365: 
keep__27: 
case__41: 
keep__28: 
reg__1: 
logic__452: 
datapath__35: 
logic__395: 
logic__222: 
logic__172: 
reg__77: 
logic__2: 
reg__102: 
case__23: 
case__27: 
logic__87: 
case__35: 
rptr_empty: 
logic__5: 
reg__34: 
case__10: 
gerneric_fifo: 
logic__8: 
keep__9: 
reg__43: 
logic__63: 
case__18: 
datapath__28: 
logic__401: 
reg__2: 
case__15: 
logic__288: 
logic__338: 
reg__11: 
reg__63: 
delay_n: 
reg__104: 
logic__219: 
delay_n__parameterized0: 
reg__30: 
muxpart__6: 
logic__407: 
keep__35: 
reg__16: 
logic__244: 
datapath__8: 
logic__453: 
reg__86: 
tdc_core: 
logic__25: 
reg__74: 
case__32: 
logic__379: 
extram__2: 
logic__409: 
logic__424: 
reg__14: 
logic__30: 
priority_encoder_only: 
logic__341: 
reg__84: 
keep__38: 
logic__31: 
logic__414: 
logic__444: 
keep__30: 
datapath__2: 
reg__47: 
logic__241: 
keep__8: 
logic__242: 
logic__438: 
logic__3: 
reg__25: 
case__30: 
datapath__17: 
logic__187: 
reg__15: 
extram__1: 
case__38: 
datapath__14: 
logic__215: 
case__28: 
datapath__19: 
logic__420: 
reg__89: 
reg__72: 
reg__105: 
reg__17: 
rbcp_to_bus: 
logic__46: 
counter__4: 
logic__405: 
keep__22: 
logic__50: 
logic__436: 
case__46: 
keep__11: 
keep__1: 
reg__61: 
logic__391: 
muxpart__13: 
reg__97: 
reg__54: 
keep__34: 
case__9: 
datapath__34: 
case__40: 
graycode_2stage_cdc__parameterized0: 
logic__383: 
reg__83: 
case__36: 
CHAIN_CELL: 
logic__175: 
muxpart__8: 
case__4: 
reg__107: 
logic__1: 
case__13: 
datapath__23: 
logic__410: 
tdc: 
logic__69: 
case__33: 
datapath__22: 
reg__50: 
logic__157: 
counter__7: 
muxpart__15: 
logic: 
reg__93: 
reg__68: 
keep__29: 
keep__25: 
muxpart__7: 
logic__24: 
reg: 
logic__248: 
logic__34: 
logic__253: 
logic__250: 
logic__415: 
logic__73: 
keep__7: 
rrp_arbiter: 
reg__88: 
counter__5: 
datapath__13: 
counter__1: 
carry_sampler_spartan6: 
three_stage_synchronizer: 
reg__51: 
logic__200: 
reg__112: 
reg__4: 
signal_clipper: 
case__7: 
case__12: 
logic__163: 
reg__7: 
slimfast_multioption_counter: 
logic__351: 
logic__387: 
slimfast_multioption_counter_core: 
reg__32: 
reg__94: 
logic__45: 
reg__62: 
reg__12: 
logic__4: 
logic__317: 
