Copyright 1986-2022 Xilinx, Inc. All Rights Reserved.
----------------------------------------------------------------------------------------------------------------------------------------------
| Tool Version     : Vivado v.2022.2 (lin64) Build 3671981 Fri Oct 14 04:59:54 MDT 2022
| Date             : Wed May  1 14:40:02 2024
| Host             : asiclab006.physik.uni-bonn.de running 64-bit unknown
| Command          : report_power -file tdc_bdaq_power_routed.rpt -pb tdc_bdaq_power_summary_routed.pb -rpx tdc_bdaq_power_routed.rpx
| Design           : tdc_bdaq
| Device           : xc7k160tffg676-2L
| Design State     : routed
| Grade            : extended
| Process          : typical
| Characterization : Production
----------------------------------------------------------------------------------------------------------------------------------------------

Power Report

Table of Contents
-----------------
1. Summary
1.1 On-Chip Components
1.2 Power Supply Summary
1.3 Confidence Level
2. Settings
2.1 Environment
2.2 Clock Constraints
3. Detailed Reports
3.1 By Hierarchy

1. Summary
----------

+--------------------------+--------------+
| Total On-Chip Power (W)  | 0.819        |
| Design Power Budget (W)  | Unspecified* |
| Power Budget Margin (W)  | NA           |
| Dynamic (W)              | 0.696        |
| Device Static (W)        | 0.123        |
| Effective TJA (C/W)      | 1.9          |
| Max Ambient (C)          | 98.4         |
| Junction Temperature (C) | 26.6         |
| Confidence Level         | Low          |
| Setting File             | ---          |
| Simulation Activity File | ---          |
| Design Nets Matched      | NA           |
+--------------------------+--------------+
* Specify Design Power Budget using, set_operating_conditions -design_power_budget <value in Watts>


1.1 On-Chip Components
----------------------

+--------------------------+-----------+----------+-----------+-----------------+
| On-Chip                  | Power (W) | Used     | Available | Utilization (%) |
+--------------------------+-----------+----------+-----------+-----------------+
| Clocks                   |     0.089 |       14 |       --- |             --- |
| Slice Logic              |     0.023 |    17394 |       --- |             --- |
|   LUT as Logic           |     0.018 |     6109 |    101400 |            6.02 |
|   Register               |     0.002 |     8671 |    202800 |            4.28 |
|   CARRY4                 |     0.002 |      442 |     25350 |            1.74 |
|   LUT as Shift Register  |    <0.001 |      234 |     35000 |            0.67 |
|   F7/F8 Muxes            |    <0.001 |      164 |    101400 |            0.16 |
|   LUT as Distributed RAM |    <0.001 |       52 |     35000 |            0.15 |
|   Others                 |     0.000 |      761 |       --- |             --- |
| Signals                  |     0.053 |    12203 |       --- |             --- |
| Block RAM                |     0.186 |      144 |       325 |           44.31 |
| PLL                      |     0.324 |        3 |         8 |           37.50 |
| I/O                      |     0.020 |       27 |       400 |            6.75 |
| Static Power             |     0.123 |          |           |                 |
| Total                    |     0.819 |          |           |                 |
+--------------------------+-----------+----------+-----------+-----------------+


1.2 Power Supply Summary
------------------------

+-----------+-------------+-----------+-------------+------------+-------------+-------------+------------+
| Source    | Voltage (V) | Total (A) | Dynamic (A) | Static (A) | Powerup (A) | Budget (A)  | Margin (A) |
+-----------+-------------+-----------+-------------+------------+-------------+-------------+------------+
| Vccint    |       1.000 |     0.395 |       0.350 |      0.045 |       NA    | Unspecified | NA         |
| Vccaux    |       1.800 |     0.192 |       0.173 |      0.018 |       NA    | Unspecified | NA         |
| Vcco33    |       3.300 |     0.006 |       0.005 |      0.001 |       NA    | Unspecified | NA         |
| Vcco25    |       2.500 |     0.000 |       0.000 |      0.000 |       NA    | Unspecified | NA         |
| Vcco18    |       1.800 |     0.000 |       0.000 |      0.000 |       NA    | Unspecified | NA         |
| Vcco15    |       1.500 |     0.002 |       0.001 |      0.001 |       NA    | Unspecified | NA         |
| Vcco135   |       1.350 |     0.000 |       0.000 |      0.000 |       NA    | Unspecified | NA         |
| Vcco12    |       1.200 |     0.000 |       0.000 |      0.000 |       NA    | Unspecified | NA         |
| Vccaux_io |       1.800 |     0.000 |       0.000 |      0.000 |       NA    | Unspecified | NA         |
| Vccbram   |       1.000 |     0.020 |       0.016 |      0.004 |       NA    | Unspecified | NA         |
| MGTAVcc   |       1.000 |     0.000 |       0.000 |      0.000 |       NA    | Unspecified | NA         |
| MGTAVtt   |       1.200 |     0.000 |       0.000 |      0.000 |       NA    | Unspecified | NA         |
| MGTVccaux |       1.800 |     0.000 |       0.000 |      0.000 |       NA    | Unspecified | NA         |
| Vccadc    |       1.800 |     0.020 |       0.000 |      0.020 |       NA    | Unspecified | NA         |
+-----------+-------------+-----------+-------------+------------+-------------+-------------+------------+


1.3 Confidence Level
--------------------

+-----------------------------+------------+--------------------------------------------------------+------------------------------------------------------------------------------------------------------------+
| User Input Data             | Confidence | Details                                                | Action                                                                                                     |
+-----------------------------+------------+--------------------------------------------------------+------------------------------------------------------------------------------------------------------------+
| Design implementation state | High       | Design is routed                                       |                                                                                                            |
| Clock nodes activity        | High       | User specified more than 95% of clocks                 |                                                                                                            |
| I/O nodes activity          | Low        | More than 75% of inputs are missing user specification | Provide missing input activity with simulation results or by editing the "By Resource Type -> I/Os" view   |
| Internal nodes activity     | Medium     | User specified less than 25% of internal nodes         | Provide missing internal nodes activity with simulation results or by editing the "By Resource Type" views |
| Device models               | High       | Device models are Production                           |                                                                                                            |
|                             |            |                                                        |                                                                                                            |
| Overall confidence level    | Low        |                                                        |                                                                                                            |
+-----------------------------+------------+--------------------------------------------------------+------------------------------------------------------------------------------------------------------------+


2. Settings
-----------

2.1 Environment
---------------

+-----------------------+--------------------------+
| Ambient Temp (C)      | 25.0                     |
| ThetaJA (C/W)         | 1.9                      |
| Airflow (LFM)         | 250                      |
| Heat Sink             | medium (Medium Profile)  |
| ThetaSA (C/W)         | 3.4                      |
| Board Selection       | medium (10"x10")         |
| # of Board Layers     | 12to15 (12 to 15 Layers) |
| Board Temperature (C) | 25.0                     |
+-----------------------+--------------------------+


2.2 Clock Constraints
---------------------

+--------------------------------------------------------------------------------------------+-------------------------------------------------------------------+-----------------+
| Clock                                                                                      | Domain                                                            | Constraint (ns) |
+--------------------------------------------------------------------------------------------+-------------------------------------------------------------------+-----------------+
| BUS_CLK_PLL                                                                                | BUS_CLK_PLL                                                       |             7.0 |
| CLK125PLLTX                                                                                | CLK125PLLTX                                                       |             8.0 |
| CLK125PLLTX90                                                                              | CLK125PLLTX90                                                     |             8.0 |
| CLK160                                                                                     | CLK160                                                            |             6.2 |
| CLK160PLL                                                                                  | CLK160PLL                                                         |             6.2 |
| CLK480PLL                                                                                  | CLK480PLL                                                         |             2.1 |
| PLL2_FEEDBACK                                                                              | PLL2_FEEDBACK                                                     |            10.0 |
| PLL3_FEEDBACK                                                                              | PLL3_FEEDBACK                                                     |             6.2 |
| PLL_FEEDBACK                                                                               | PLL_FEEDBACK                                                      |            10.0 |
| clkin                                                                                      | clkin                                                             |            10.0 |
| dbg_hub/inst/BSCANID.u_xsdbm_id/SWITCH_N_EXT_BSCAN.bscan_inst/SERIES7_BSCAN.bscan_inst/TCK | dbg_hub/inst/BSCANID.u_xsdbm_id/SWITCH_N_EXT_BSCAN.bscan_inst/TCK |            33.0 |
| rgmii_rxc                                                                                  | rgmii_rxc                                                         |             8.0 |
+--------------------------------------------------------------------------------------------+-------------------------------------------------------------------+-----------------+


3. Detailed Reports
-------------------

3.1 By Hierarchy
----------------

+--------------------------+-----------+
| Name                     | Power (W) |
+--------------------------+-----------+
| tdc_bdaq                 |     0.696 |
|   dbg_hub                |     0.005 |
|     inst                 |     0.005 |
|       BSCANID.u_xsdbm_id |     0.005 |
|   i_data_fifo            |     0.186 |
|     fifo_i               |     0.186 |
|   i_tdc                  |     0.053 |
|     fifo_i               |     0.007 |
|     i_tdc_core           |     0.043 |
|       encoder            |     0.004 |
|       i_tdl              |     0.038 |
|     i_tdc_sw_interface   |     0.002 |
|   rgmii                  |     0.016 |
|   sitcp                  |     0.080 |
|     SiTCP                |     0.079 |
|   u_ila_0                |     0.024 |
|     inst                 |     0.024 |
|       ila_core_inst      |     0.024 |
+--------------------------+-----------+


