Copyright 1986-2022 Xilinx, Inc. All Rights Reserved.
--------------------------------------------------------------------------------------------------------------------------------------------------------------
| Tool Version : Vivado v.2022.2 (lin64) Build 3671981 Fri Oct 14 04:59:54 MDT 2022
| Date         : Wed May  1 14:39:59 2024
| Host         : asiclab006.physik.uni-bonn.de running 64-bit unknown
| Command      : report_methodology -file tdc_bdaq_methodology_drc_routed.rpt -pb tdc_bdaq_methodology_drc_routed.pb -rpx tdc_bdaq_methodology_drc_routed.rpx
| Design       : tdc_bdaq
| Device       : xc7k160tffg676-2L
| Speed File   : -2L
| Design State : Fully Routed
--------------------------------------------------------------------------------------------------------------------------------------------------------------

Report Methodology

Table of Contents
-----------------
1. REPORT SUMMARY
2. REPORT DETAILS

1. REPORT SUMMARY
-----------------
            Netlist: netlist
          Floorplan: design_1
      Design limits: <entire design considered>
             Max violations: <unlimited>
             Violations found: 150
+-----------+------------------+-------------------------------------------------------------------------------------------------------+------------+
| Rule      | Severity         | Description                                                                                           | Violations |
+-----------+------------------+-------------------------------------------------------------------------------------------------------+------------+
| TIMING-6  | Critical Warning | No common primary clock between related clocks                                                        | 1          |
| TIMING-7  | Critical Warning | No common node between related clocks                                                                 | 1          |
| LUTAR-1   | Warning          | LUT drives async reset alert                                                                          | 1          |
| PDRC-190  | Warning          | Suboptimally placed synchronized register chain                                                       | 10         |
| TIMING-9  | Warning          | Unknown CDC Logic                                                                                     | 1          |
| TIMING-10 | Warning          | Missing property on synchronizer                                                                      | 1          |
| TIMING-16 | Warning          | Large setup violation                                                                                 | 61         |
| TIMING-18 | Warning          | Missing input or output delay                                                                         | 5          |
| TIMING-24 | Warning          | Overridden Max delay datapath only                                                                    | 13         |
| TIMING-28 | Warning          | Auto-derived clock referenced by a timing constraint                                                  | 12         |
| TIMING-47 | Warning          | False path, asynchronous clock group or max delay datapath only constraint between synchronous clocks | 5          |
| XDCB-5    | Warning          | Runtime inefficient way to find pin objects                                                           | 39         |
+-----------+------------------+-------------------------------------------------------------------------------------------------------+------------+

2. REPORT DETAILS
-----------------
TIMING-6#1 Critical Warning
No common primary clock between related clocks  
The clocks rgmii_rxc and CLK160PLL are related (timed together) but they have no common primary clock. The design could fail in hardware. To find a timing path between these clocks, run the following command: report_timing -from [get_clocks rgmii_rxc] -to [get_clocks CLK160PLL]
Related violations: <none>

TIMING-7#1 Critical Warning
No common node between related clocks  
The clocks rgmii_rxc and CLK160PLL are related (timed together) but they have no common node. The design could fail in hardware. To find a timing path between these clocks, run the following command: report_timing -from [get_clocks rgmii_rxc] -to [get_clocks CLK160PLL]
Related violations: <none>

LUTAR-1#1 Warning
LUT drives async reset alert  
LUT cell sitcp/TIMER/SiTCP_i_1, with 2 or more inputs, drives asynchronous preset/clear pin(s) sitcp/TIMER/sTim_reg[4]/CLR, sitcp/TIMER/sTim_reg[5]/CLR,
sitcp/TIMER/sTim_reg[6]/CLR, sitcp/TIMER/sTim_reg[7]/CLR,
sitcp/TIMER/sTim_reg[8]/CLR, sitcp/TIMER/sTim_reg[9]/CLR,
sitcp/TIMER/usCry_reg/CLR, sitcp/TIMER/usTim_reg[0]/CLR,
sitcp/TIMER/usTim_reg[1]/CLR, sitcp/TIMER/usTim_reg[2]/CLR,
sitcp/TIMER/usTim_reg[3]/CLR, sitcp/TIMER/usTim_reg[4]/CLR,
sitcp/TIMER/usTim_reg[5]/CLR, sitcp/TIMER/usTim_reg[6]/CLR,
sitcp/TIMER/usTim_reg[7]/CLR (the first 15 of 33 listed). The LUT may glitch and trigger an unexpected reset, even if it is a properly timed path.
Related violations: <none>

PDRC-190#1 Warning
Suboptimally placed synchronized register chain  
The FDRE cell dbg_hub/inst/BSCANID.u_xsdbm_id/CORE_XSDB.UUT_MASTER/U_ICON_INTERFACE/U_CMD2/stat_reg_reg[0] in site SLICE_X23Y5 is part of a synchronized register chain that is suboptimally placed as the load FDRE cell dbg_hub/inst/BSCANID.u_xsdbm_id/CORE_XSDB.UUT_MASTER/U_ICON_INTERFACE/U_CMD2/stat_reg_1_reg[0] is not placed in the same (SLICE) site.
Related violations: <none>

PDRC-190#2 Warning
Suboptimally placed synchronized register chain  
The FDRE cell dbg_hub/inst/BSCANID.u_xsdbm_id/CORE_XSDB.UUT_MASTER/U_ICON_INTERFACE/U_CMD2/stat_reg_reg[1] in site SLICE_X24Y7 is part of a synchronized register chain that is suboptimally placed as the load FDRE cell dbg_hub/inst/BSCANID.u_xsdbm_id/CORE_XSDB.UUT_MASTER/U_ICON_INTERFACE/U_CMD2/stat_reg_1_reg[1] is not placed in the same (SLICE) site.
Related violations: <none>

PDRC-190#3 Warning
Suboptimally placed synchronized register chain  
The FDRE cell dbg_hub/inst/BSCANID.u_xsdbm_id/CORE_XSDB.UUT_MASTER/U_ICON_INTERFACE/U_CMD2/stat_reg_reg[2] in site SLICE_X23Y7 is part of a synchronized register chain that is suboptimally placed as the load FDRE cell dbg_hub/inst/BSCANID.u_xsdbm_id/CORE_XSDB.UUT_MASTER/U_ICON_INTERFACE/U_CMD2/stat_reg_1_reg[2] is not placed in the same (SLICE) site.
Related violations: <none>

PDRC-190#4 Warning
Suboptimally placed synchronized register chain  
The FDRE cell dbg_hub/inst/BSCANID.u_xsdbm_id/CORE_XSDB.UUT_MASTER/U_ICON_INTERFACE/U_CMD2/stat_reg_reg[3] in site SLICE_X22Y6 is part of a synchronized register chain that is suboptimally placed as the load FDRE cell dbg_hub/inst/BSCANID.u_xsdbm_id/CORE_XSDB.UUT_MASTER/U_ICON_INTERFACE/U_CMD2/stat_reg_1_reg[3] is not placed in the same (SLICE) site.
Related violations: <none>

PDRC-190#5 Warning
Suboptimally placed synchronized register chain  
The FDRE cell dbg_hub/inst/BSCANID.u_xsdbm_id/CORE_XSDB.UUT_MASTER/U_ICON_INTERFACE/U_CMD3/stat_reg_reg[0] in site SLICE_X26Y5 is part of a synchronized register chain that is suboptimally placed as the load FDRE cell dbg_hub/inst/BSCANID.u_xsdbm_id/CORE_XSDB.UUT_MASTER/U_ICON_INTERFACE/U_CMD3/stat_reg_1_reg[0] is not placed in the same (SLICE) site.
Related violations: <none>

PDRC-190#6 Warning
Suboptimally placed synchronized register chain  
The FDRE cell dbg_hub/inst/BSCANID.u_xsdbm_id/CORE_XSDB.UUT_MASTER/U_ICON_INTERFACE/U_CMD3/stat_reg_reg[1] in site SLICE_X24Y5 is part of a synchronized register chain that is suboptimally placed as the load FDRE cell dbg_hub/inst/BSCANID.u_xsdbm_id/CORE_XSDB.UUT_MASTER/U_ICON_INTERFACE/U_CMD3/stat_reg_1_reg[1] is not placed in the same (SLICE) site.
Related violations: <none>

PDRC-190#7 Warning
Suboptimally placed synchronized register chain  
The FDRE cell dbg_hub/inst/BSCANID.u_xsdbm_id/CORE_XSDB.UUT_MASTER/U_ICON_INTERFACE/U_CMD3/stat_reg_reg[2] in site SLICE_X25Y5 is part of a synchronized register chain that is suboptimally placed as the load FDRE cell dbg_hub/inst/BSCANID.u_xsdbm_id/CORE_XSDB.UUT_MASTER/U_ICON_INTERFACE/U_CMD3/stat_reg_1_reg[2] is not placed in the same (SLICE) site.
Related violations: <none>

PDRC-190#8 Warning
Suboptimally placed synchronized register chain  
The FDRE cell dbg_hub/inst/BSCANID.u_xsdbm_id/CORE_XSDB.UUT_MASTER/U_ICON_INTERFACE/U_CMD7_STAT/stat_reg_reg[0] in site SLICE_X24Y3 is part of a synchronized register chain that is suboptimally placed as the load FDRE cell dbg_hub/inst/BSCANID.u_xsdbm_id/CORE_XSDB.UUT_MASTER/U_ICON_INTERFACE/U_CMD7_STAT/stat_reg_1_reg[0] is not placed in the same (SLICE) site.
Related violations: <none>

PDRC-190#9 Warning
Suboptimally placed synchronized register chain  
The FDRE cell dbg_hub/inst/BSCANID.u_xsdbm_id/CORE_XSDB.UUT_MASTER/U_ICON_INTERFACE/U_CMD7_STAT/stat_reg_reg[1] in site SLICE_X22Y3 is part of a synchronized register chain that is suboptimally placed as the load FDRE cell dbg_hub/inst/BSCANID.u_xsdbm_id/CORE_XSDB.UUT_MASTER/U_ICON_INTERFACE/U_CMD7_STAT/stat_reg_1_reg[1] is not placed in the same (SLICE) site.
Related violations: <none>

PDRC-190#10 Warning
Suboptimally placed synchronized register chain  
The FDRE cell dbg_hub/inst/BSCANID.u_xsdbm_id/CORE_XSDB.UUT_MASTER/U_ICON_INTERFACE/U_CMD7_STAT/stat_reg_reg[2] in site SLICE_X23Y3 is part of a synchronized register chain that is suboptimally placed as the load FDRE cell dbg_hub/inst/BSCANID.u_xsdbm_id/CORE_XSDB.UUT_MASTER/U_ICON_INTERFACE/U_CMD7_STAT/stat_reg_1_reg[2] is not placed in the same (SLICE) site.
Related violations: <none>

TIMING-9#1 Warning
Unknown CDC Logic  
One or more asynchronous Clock Domain Crossing has been detected between 2 clock domains through a set_false_path or a set_clock_groups or set_max_delay -datapath_only constraint but no double-registers logic synchronizer has been found on the side of the capture clock. It is recommended to run report_cdc for a complete and detailed CDC coverage. Please consider using XPM_CDC to avoid Critical severities
Related violations: <none>

TIMING-10#1 Warning
Missing property on synchronizer  
One or more logic synchronizer has been detected between 2 clock domains but the synchronizer does not have the property ASYNC_REG defined on one or both registers. It is recommended to run report_cdc for a complete and detailed CDC coverage
Related violations: <none>

TIMING-16#1 Warning
Large setup violation  
There is a large setup violation of -1.022 ns between i_tdc/i_tdc_core/input_mux_addr_buf_reg[0]/C (clocked by CLK160PLL) and i_tdc/i_tdc_core/i_tdl/tdl_sampler/carry_chain[17].MoreCells/TDL_FF_D/D (clocked by CLK480PLL). Large setup violations at the end of those stages might be difficult to fix during the post-placement implementation flow and could be the result of non-optimal XDC constraints or non-optimal design architecture
Related violations: <none>

TIMING-16#2 Warning
Large setup violation  
There is a large setup violation of -1.044 ns between i_tdc/i_tdc_core/input_mux_addr_buf_reg[0]/C (clocked by CLK160PLL) and i_tdc/i_tdc_core/i_tdl/tdl_sampler/carry_chain[19].MoreCells/TDL_FF_B/D (clocked by CLK480PLL). Large setup violations at the end of those stages might be difficult to fix during the post-placement implementation flow and could be the result of non-optimal XDC constraints or non-optimal design architecture
Related violations: <none>

TIMING-16#3 Warning
Large setup violation  
There is a large setup violation of -1.078 ns between i_tdc/i_tdc_core/input_mux_addr_buf_reg[0]/C (clocked by CLK160PLL) and i_tdc/i_tdc_core/i_tdl/tdl_sampler/carry_chain[18].MoreCells/TDL_FF_D/D (clocked by CLK480PLL). Large setup violations at the end of those stages might be difficult to fix during the post-placement implementation flow and could be the result of non-optimal XDC constraints or non-optimal design architecture
Related violations: <none>

TIMING-16#4 Warning
Large setup violation  
There is a large setup violation of -1.099 ns between i_tdc/i_tdc_core/input_mux_addr_buf_reg[0]/C (clocked by CLK160PLL) and i_tdc/i_tdc_core/i_tdl/tdl_sampler/carry_chain[20].MoreCells/TDL_FF_B/D (clocked by CLK480PLL). Large setup violations at the end of those stages might be difficult to fix during the post-placement implementation flow and could be the result of non-optimal XDC constraints or non-optimal design architecture
Related violations: <none>

TIMING-16#5 Warning
Large setup violation  
There is a large setup violation of -1.133 ns between i_tdc/i_tdc_core/input_mux_addr_buf_reg[0]/C (clocked by CLK160PLL) and i_tdc/i_tdc_core/i_tdl/tdl_sampler/carry_chain[19].MoreCells/TDL_FF_D/D (clocked by CLK480PLL). Large setup violations at the end of those stages might be difficult to fix during the post-placement implementation flow and could be the result of non-optimal XDC constraints or non-optimal design architecture
Related violations: <none>

TIMING-16#6 Warning
Large setup violation  
There is a large setup violation of -1.154 ns between i_tdc/i_tdc_core/input_mux_addr_buf_reg[0]/C (clocked by CLK160PLL) and i_tdc/i_tdc_core/i_tdl/tdl_sampler/carry_chain[21].MoreCells/TDL_FF_B/D (clocked by CLK480PLL). Large setup violations at the end of those stages might be difficult to fix during the post-placement implementation flow and could be the result of non-optimal XDC constraints or non-optimal design architecture
Related violations: <none>

TIMING-16#7 Warning
Large setup violation  
There is a large setup violation of -1.188 ns between i_tdc/i_tdc_core/input_mux_addr_buf_reg[0]/C (clocked by CLK160PLL) and i_tdc/i_tdc_core/i_tdl/tdl_sampler/carry_chain[20].MoreCells/TDL_FF_D/D (clocked by CLK480PLL). Large setup violations at the end of those stages might be difficult to fix during the post-placement implementation flow and could be the result of non-optimal XDC constraints or non-optimal design architecture
Related violations: <none>

TIMING-16#8 Warning
Large setup violation  
There is a large setup violation of -1.215 ns between i_tdc/i_tdc_core/input_mux_addr_buf_reg[0]/C (clocked by CLK160PLL) and i_tdc/i_tdc_core/i_tdl/tdl_sampler/carry_chain[22].MoreCells/TDL_FF_B/D (clocked by CLK480PLL). Large setup violations at the end of those stages might be difficult to fix during the post-placement implementation flow and could be the result of non-optimal XDC constraints or non-optimal design architecture
Related violations: <none>

TIMING-16#9 Warning
Large setup violation  
There is a large setup violation of -1.243 ns between i_tdc/i_tdc_core/input_mux_addr_buf_reg[0]/C (clocked by CLK160PLL) and i_tdc/i_tdc_core/i_tdl/tdl_sampler/carry_chain[21].MoreCells/TDL_FF_D/D (clocked by CLK480PLL). Large setup violations at the end of those stages might be difficult to fix during the post-placement implementation flow and could be the result of non-optimal XDC constraints or non-optimal design architecture
Related violations: <none>

TIMING-16#10 Warning
Large setup violation  
There is a large setup violation of -1.268 ns between i_tdc/i_tdc_core/input_mux_addr_buf_reg[0]/C (clocked by CLK160PLL) and i_tdc/i_tdc_core/i_tdl/tdl_sampler/carry_chain[23].MoreCells/TDL_FF_B/D (clocked by CLK480PLL). Large setup violations at the end of those stages might be difficult to fix during the post-placement implementation flow and could be the result of non-optimal XDC constraints or non-optimal design architecture
Related violations: <none>

TIMING-16#11 Warning
Large setup violation  
There is a large setup violation of -1.304 ns between i_tdc/i_tdc_core/input_mux_addr_buf_reg[0]/C (clocked by CLK160PLL) and i_tdc/i_tdc_core/i_tdl/tdl_sampler/carry_chain[22].MoreCells/TDL_FF_D/D (clocked by CLK480PLL). Large setup violations at the end of those stages might be difficult to fix during the post-placement implementation flow and could be the result of non-optimal XDC constraints or non-optimal design architecture
Related violations: <none>

TIMING-16#12 Warning
Large setup violation  
There is a large setup violation of -1.321 ns between i_tdc/i_tdc_core/input_mux_addr_buf_reg[0]/C (clocked by CLK160PLL) and i_tdc/i_tdc_core/i_tdl/tdl_sampler/carry_chain[24].MoreCells/TDL_FF_B/D (clocked by CLK480PLL). Large setup violations at the end of those stages might be difficult to fix during the post-placement implementation flow and could be the result of non-optimal XDC constraints or non-optimal design architecture
Related violations: <none>

TIMING-16#13 Warning
Large setup violation  
There is a large setup violation of -1.357 ns between i_tdc/i_tdc_core/input_mux_addr_buf_reg[0]/C (clocked by CLK160PLL) and i_tdc/i_tdc_core/i_tdl/tdl_sampler/carry_chain[23].MoreCells/TDL_FF_D/D (clocked by CLK480PLL). Large setup violations at the end of those stages might be difficult to fix during the post-placement implementation flow and could be the result of non-optimal XDC constraints or non-optimal design architecture
Related violations: <none>

TIMING-16#14 Warning
Large setup violation  
There is a large setup violation of -1.374 ns between i_tdc/i_tdc_core/input_mux_addr_buf_reg[0]/C (clocked by CLK160PLL) and i_tdc/i_tdc_core/i_tdl/tdl_sampler/carry_chain[25].MoreCells/TDL_FF_B/D (clocked by CLK480PLL). Large setup violations at the end of those stages might be difficult to fix during the post-placement implementation flow and could be the result of non-optimal XDC constraints or non-optimal design architecture
Related violations: <none>

TIMING-16#15 Warning
Large setup violation  
There is a large setup violation of -1.410 ns between i_tdc/i_tdc_core/input_mux_addr_buf_reg[0]/C (clocked by CLK160PLL) and i_tdc/i_tdc_core/i_tdl/tdl_sampler/carry_chain[24].MoreCells/TDL_FF_D/D (clocked by CLK480PLL). Large setup violations at the end of those stages might be difficult to fix during the post-placement implementation flow and could be the result of non-optimal XDC constraints or non-optimal design architecture
Related violations: <none>

TIMING-16#16 Warning
Large setup violation  
There is a large setup violation of -1.426 ns between i_tdc/i_tdc_core/input_mux_addr_buf_reg[0]/C (clocked by CLK160PLL) and i_tdc/i_tdc_core/i_tdl/tdl_sampler/carry_chain[26].MoreCells/TDL_FF_B/D (clocked by CLK480PLL). Large setup violations at the end of those stages might be difficult to fix during the post-placement implementation flow and could be the result of non-optimal XDC constraints or non-optimal design architecture
Related violations: <none>

TIMING-16#17 Warning
Large setup violation  
There is a large setup violation of -1.463 ns between i_tdc/i_tdc_core/input_mux_addr_buf_reg[0]/C (clocked by CLK160PLL) and i_tdc/i_tdc_core/i_tdl/tdl_sampler/carry_chain[25].MoreCells/TDL_FF_D/D (clocked by CLK480PLL). Large setup violations at the end of those stages might be difficult to fix during the post-placement implementation flow and could be the result of non-optimal XDC constraints or non-optimal design architecture
Related violations: <none>

TIMING-16#18 Warning
Large setup violation  
There is a large setup violation of -1.479 ns between i_tdc/i_tdc_core/input_mux_addr_buf_reg[0]/C (clocked by CLK160PLL) and i_tdc/i_tdc_core/i_tdl/tdl_sampler/carry_chain[27].MoreCells/TDL_FF_B/D (clocked by CLK480PLL). Large setup violations at the end of those stages might be difficult to fix during the post-placement implementation flow and could be the result of non-optimal XDC constraints or non-optimal design architecture
Related violations: <none>

TIMING-16#19 Warning
Large setup violation  
There is a large setup violation of -1.515 ns between i_tdc/i_tdc_core/input_mux_addr_buf_reg[0]/C (clocked by CLK160PLL) and i_tdc/i_tdc_core/i_tdl/tdl_sampler/carry_chain[26].MoreCells/TDL_FF_D/D (clocked by CLK480PLL). Large setup violations at the end of those stages might be difficult to fix during the post-placement implementation flow and could be the result of non-optimal XDC constraints or non-optimal design architecture
Related violations: <none>

TIMING-16#20 Warning
Large setup violation  
There is a large setup violation of -1.533 ns between i_tdc/i_tdc_core/input_mux_addr_buf_reg[0]/C (clocked by CLK160PLL) and i_tdc/i_tdc_core/i_tdl/tdl_sampler/carry_chain[28].MoreCells/TDL_FF_B/D (clocked by CLK480PLL). Large setup violations at the end of those stages might be difficult to fix during the post-placement implementation flow and could be the result of non-optimal XDC constraints or non-optimal design architecture
Related violations: <none>

TIMING-16#21 Warning
Large setup violation  
There is a large setup violation of -1.568 ns between i_tdc/i_tdc_core/input_mux_addr_buf_reg[0]/C (clocked by CLK160PLL) and i_tdc/i_tdc_core/i_tdl/tdl_sampler/carry_chain[27].MoreCells/TDL_FF_D/D (clocked by CLK480PLL). Large setup violations at the end of those stages might be difficult to fix during the post-placement implementation flow and could be the result of non-optimal XDC constraints or non-optimal design architecture
Related violations: <none>

TIMING-16#22 Warning
Large setup violation  
There is a large setup violation of -1.586 ns between i_tdc/i_tdc_core/input_mux_addr_buf_reg[0]/C (clocked by CLK160PLL) and i_tdc/i_tdc_core/i_tdl/tdl_sampler/carry_chain[29].MoreCells/TDL_FF_B/D (clocked by CLK480PLL). Large setup violations at the end of those stages might be difficult to fix during the post-placement implementation flow and could be the result of non-optimal XDC constraints or non-optimal design architecture
Related violations: <none>

TIMING-16#23 Warning
Large setup violation  
There is a large setup violation of -1.622 ns between i_tdc/i_tdc_core/input_mux_addr_buf_reg[0]/C (clocked by CLK160PLL) and i_tdc/i_tdc_core/i_tdl/tdl_sampler/carry_chain[28].MoreCells/TDL_FF_D/D (clocked by CLK480PLL). Large setup violations at the end of those stages might be difficult to fix during the post-placement implementation flow and could be the result of non-optimal XDC constraints or non-optimal design architecture
Related violations: <none>

TIMING-16#24 Warning
Large setup violation  
There is a large setup violation of -1.639 ns between i_tdc/i_tdc_core/input_mux_addr_buf_reg[0]/C (clocked by CLK160PLL) and i_tdc/i_tdc_core/i_tdl/tdl_sampler/carry_chain[30].MoreCells/TDL_FF_B/D (clocked by CLK480PLL). Large setup violations at the end of those stages might be difficult to fix during the post-placement implementation flow and could be the result of non-optimal XDC constraints or non-optimal design architecture
Related violations: <none>

TIMING-16#25 Warning
Large setup violation  
There is a large setup violation of -1.675 ns between i_tdc/i_tdc_core/input_mux_addr_buf_reg[0]/C (clocked by CLK160PLL) and i_tdc/i_tdc_core/i_tdl/tdl_sampler/carry_chain[29].MoreCells/TDL_FF_D/D (clocked by CLK480PLL). Large setup violations at the end of those stages might be difficult to fix during the post-placement implementation flow and could be the result of non-optimal XDC constraints or non-optimal design architecture
Related violations: <none>

TIMING-16#26 Warning
Large setup violation  
There is a large setup violation of -1.692 ns between i_tdc/i_tdc_core/input_mux_addr_buf_reg[0]/C (clocked by CLK160PLL) and i_tdc/i_tdc_core/i_tdl/tdl_sampler/carry_chain[31].MoreCells/TDL_FF_B/D (clocked by CLK480PLL). Large setup violations at the end of those stages might be difficult to fix during the post-placement implementation flow and could be the result of non-optimal XDC constraints or non-optimal design architecture
Related violations: <none>

TIMING-16#27 Warning
Large setup violation  
There is a large setup violation of -1.728 ns between i_tdc/i_tdc_core/input_mux_addr_buf_reg[0]/C (clocked by CLK160PLL) and i_tdc/i_tdc_core/i_tdl/tdl_sampler/carry_chain[30].MoreCells/TDL_FF_D/D (clocked by CLK480PLL). Large setup violations at the end of those stages might be difficult to fix during the post-placement implementation flow and could be the result of non-optimal XDC constraints or non-optimal design architecture
Related violations: <none>

TIMING-16#28 Warning
Large setup violation  
There is a large setup violation of -1.745 ns between i_tdc/i_tdc_core/input_mux_addr_buf_reg[0]/C (clocked by CLK160PLL) and i_tdc/i_tdc_core/i_tdl/tdl_sampler/carry_chain[32].MoreCells/TDL_FF_B/D (clocked by CLK480PLL). Large setup violations at the end of those stages might be difficult to fix during the post-placement implementation flow and could be the result of non-optimal XDC constraints or non-optimal design architecture
Related violations: <none>

TIMING-16#29 Warning
Large setup violation  
There is a large setup violation of -1.781 ns between i_tdc/i_tdc_core/input_mux_addr_buf_reg[0]/C (clocked by CLK160PLL) and i_tdc/i_tdc_core/i_tdl/tdl_sampler/carry_chain[31].MoreCells/TDL_FF_D/D (clocked by CLK480PLL). Large setup violations at the end of those stages might be difficult to fix during the post-placement implementation flow and could be the result of non-optimal XDC constraints or non-optimal design architecture
Related violations: <none>

TIMING-16#30 Warning
Large setup violation  
There is a large setup violation of -1.798 ns between i_tdc/i_tdc_core/input_mux_addr_buf_reg[0]/C (clocked by CLK160PLL) and i_tdc/i_tdc_core/i_tdl/tdl_sampler/carry_chain[33].MoreCells/TDL_FF_B/D (clocked by CLK480PLL). Large setup violations at the end of those stages might be difficult to fix during the post-placement implementation flow and could be the result of non-optimal XDC constraints or non-optimal design architecture
Related violations: <none>

TIMING-16#31 Warning
Large setup violation  
There is a large setup violation of -1.834 ns between i_tdc/i_tdc_core/input_mux_addr_buf_reg[0]/C (clocked by CLK160PLL) and i_tdc/i_tdc_core/i_tdl/tdl_sampler/carry_chain[32].MoreCells/TDL_FF_D/D (clocked by CLK480PLL). Large setup violations at the end of those stages might be difficult to fix during the post-placement implementation flow and could be the result of non-optimal XDC constraints or non-optimal design architecture
Related violations: <none>

TIMING-16#32 Warning
Large setup violation  
There is a large setup violation of -1.852 ns between i_tdc/i_tdc_core/input_mux_addr_buf_reg[0]/C (clocked by CLK160PLL) and i_tdc/i_tdc_core/i_tdl/tdl_sampler/carry_chain[34].MoreCells/TDL_FF_B/D (clocked by CLK480PLL). Large setup violations at the end of those stages might be difficult to fix during the post-placement implementation flow and could be the result of non-optimal XDC constraints or non-optimal design architecture
Related violations: <none>

TIMING-16#33 Warning
Large setup violation  
There is a large setup violation of -1.887 ns between i_tdc/i_tdc_core/input_mux_addr_buf_reg[0]/C (clocked by CLK160PLL) and i_tdc/i_tdc_core/i_tdl/tdl_sampler/carry_chain[33].MoreCells/TDL_FF_D/D (clocked by CLK480PLL). Large setup violations at the end of those stages might be difficult to fix during the post-placement implementation flow and could be the result of non-optimal XDC constraints or non-optimal design architecture
Related violations: <none>

TIMING-16#34 Warning
Large setup violation  
There is a large setup violation of -1.906 ns between i_tdc/i_tdc_core/input_mux_addr_buf_reg[0]/C (clocked by CLK160PLL) and i_tdc/i_tdc_core/i_tdl/tdl_sampler/carry_chain[35].MoreCells/TDL_FF_B/D (clocked by CLK480PLL). Large setup violations at the end of those stages might be difficult to fix during the post-placement implementation flow and could be the result of non-optimal XDC constraints or non-optimal design architecture
Related violations: <none>

TIMING-16#35 Warning
Large setup violation  
There is a large setup violation of -1.914 ns between i_tdc/i_tdc_core/calib_sig_gen/pulse_reg/C (clocked by rgmii_rxc) and u_ila_0/inst/ila_core_inst/shifted_data_in_reg[0][136]/D (clocked by CLK160PLL). Large setup violations at the end of those stages might be difficult to fix during the post-placement implementation flow and could be the result of non-optimal XDC constraints or non-optimal design architecture
Related violations: <none>

TIMING-16#36 Warning
Large setup violation  
There is a large setup violation of -1.941 ns between i_tdc/i_tdc_core/input_mux_addr_buf_reg[0]/C (clocked by CLK160PLL) and i_tdc/i_tdc_core/i_tdl/tdl_sampler/carry_chain[34].MoreCells/TDL_FF_D/D (clocked by CLK480PLL). Large setup violations at the end of those stages might be difficult to fix during the post-placement implementation flow and could be the result of non-optimal XDC constraints or non-optimal design architecture
Related violations: <none>

TIMING-16#37 Warning
Large setup violation  
There is a large setup violation of -1.959 ns between i_tdc/i_tdc_core/input_mux_addr_buf_reg[0]/C (clocked by CLK160PLL) and i_tdc/i_tdc_core/i_tdl/tdl_sampler/carry_chain[36].MoreCells/TDL_FF_B/D (clocked by CLK480PLL). Large setup violations at the end of those stages might be difficult to fix during the post-placement implementation flow and could be the result of non-optimal XDC constraints or non-optimal design architecture
Related violations: <none>

TIMING-16#38 Warning
Large setup violation  
There is a large setup violation of -1.995 ns between i_tdc/i_tdc_core/input_mux_addr_buf_reg[0]/C (clocked by CLK160PLL) and i_tdc/i_tdc_core/i_tdl/tdl_sampler/carry_chain[35].MoreCells/TDL_FF_D/D (clocked by CLK480PLL). Large setup violations at the end of those stages might be difficult to fix during the post-placement implementation flow and could be the result of non-optimal XDC constraints or non-optimal design architecture
Related violations: <none>

TIMING-16#39 Warning
Large setup violation  
There is a large setup violation of -2.012 ns between i_tdc/i_tdc_core/input_mux_addr_buf_reg[0]/C (clocked by CLK160PLL) and i_tdc/i_tdc_core/i_tdl/tdl_sampler/carry_chain[37].MoreCells/TDL_FF_B/D (clocked by CLK480PLL). Large setup violations at the end of those stages might be difficult to fix during the post-placement implementation flow and could be the result of non-optimal XDC constraints or non-optimal design architecture
Related violations: <none>

TIMING-16#40 Warning
Large setup violation  
There is a large setup violation of -2.048 ns between i_tdc/i_tdc_core/input_mux_addr_buf_reg[0]/C (clocked by CLK160PLL) and i_tdc/i_tdc_core/i_tdl/tdl_sampler/carry_chain[36].MoreCells/TDL_FF_D/D (clocked by CLK480PLL). Large setup violations at the end of those stages might be difficult to fix during the post-placement implementation flow and could be the result of non-optimal XDC constraints or non-optimal design architecture
Related violations: <none>

TIMING-16#41 Warning
Large setup violation  
There is a large setup violation of -2.066 ns between i_tdc/i_tdc_core/input_mux_addr_buf_reg[0]/C (clocked by CLK160PLL) and i_tdc/i_tdc_core/i_tdl/tdl_sampler/carry_chain[38].MoreCells/TDL_FF_B/D (clocked by CLK480PLL). Large setup violations at the end of those stages might be difficult to fix during the post-placement implementation flow and could be the result of non-optimal XDC constraints or non-optimal design architecture
Related violations: <none>

TIMING-16#42 Warning
Large setup violation  
There is a large setup violation of -2.101 ns between i_tdc/i_tdc_core/input_mux_addr_buf_reg[0]/C (clocked by CLK160PLL) and i_tdc/i_tdc_core/i_tdl/tdl_sampler/carry_chain[37].MoreCells/TDL_FF_D/D (clocked by CLK480PLL). Large setup violations at the end of those stages might be difficult to fix during the post-placement implementation flow and could be the result of non-optimal XDC constraints or non-optimal design architecture
Related violations: <none>

TIMING-16#43 Warning
Large setup violation  
There is a large setup violation of -2.119 ns between i_tdc/i_tdc_core/input_mux_addr_buf_reg[0]/C (clocked by CLK160PLL) and i_tdc/i_tdc_core/i_tdl/tdl_sampler/carry_chain[39].MoreCells/TDL_FF_B/D (clocked by CLK480PLL). Large setup violations at the end of those stages might be difficult to fix during the post-placement implementation flow and could be the result of non-optimal XDC constraints or non-optimal design architecture
Related violations: <none>

TIMING-16#44 Warning
Large setup violation  
There is a large setup violation of -2.155 ns between i_tdc/i_tdc_core/input_mux_addr_buf_reg[0]/C (clocked by CLK160PLL) and i_tdc/i_tdc_core/i_tdl/tdl_sampler/carry_chain[38].MoreCells/TDL_FF_D/D (clocked by CLK480PLL). Large setup violations at the end of those stages might be difficult to fix during the post-placement implementation flow and could be the result of non-optimal XDC constraints or non-optimal design architecture
Related violations: <none>

TIMING-16#45 Warning
Large setup violation  
There is a large setup violation of -2.173 ns between i_tdc/i_tdc_core/input_mux_addr_buf_reg[0]/C (clocked by CLK160PLL) and i_tdc/i_tdc_core/i_tdl/tdl_sampler/carry_chain[40].MoreCells/TDL_FF_B/D (clocked by CLK480PLL). Large setup violations at the end of those stages might be difficult to fix during the post-placement implementation flow and could be the result of non-optimal XDC constraints or non-optimal design architecture
Related violations: <none>

TIMING-16#46 Warning
Large setup violation  
There is a large setup violation of -2.208 ns between i_tdc/i_tdc_core/input_mux_addr_buf_reg[0]/C (clocked by CLK160PLL) and i_tdc/i_tdc_core/i_tdl/tdl_sampler/carry_chain[39].MoreCells/TDL_FF_D/D (clocked by CLK480PLL). Large setup violations at the end of those stages might be difficult to fix during the post-placement implementation flow and could be the result of non-optimal XDC constraints or non-optimal design architecture
Related violations: <none>

TIMING-16#47 Warning
Large setup violation  
There is a large setup violation of -2.226 ns between i_tdc/i_tdc_core/input_mux_addr_buf_reg[0]/C (clocked by CLK160PLL) and i_tdc/i_tdc_core/i_tdl/tdl_sampler/carry_chain[41].MoreCells/TDL_FF_B/D (clocked by CLK480PLL). Large setup violations at the end of those stages might be difficult to fix during the post-placement implementation flow and could be the result of non-optimal XDC constraints or non-optimal design architecture
Related violations: <none>

TIMING-16#48 Warning
Large setup violation  
There is a large setup violation of -2.262 ns between i_tdc/i_tdc_core/input_mux_addr_buf_reg[0]/C (clocked by CLK160PLL) and i_tdc/i_tdc_core/i_tdl/tdl_sampler/carry_chain[40].MoreCells/TDL_FF_D/D (clocked by CLK480PLL). Large setup violations at the end of those stages might be difficult to fix during the post-placement implementation flow and could be the result of non-optimal XDC constraints or non-optimal design architecture
Related violations: <none>

TIMING-16#49 Warning
Large setup violation  
There is a large setup violation of -2.280 ns between i_tdc/i_tdc_core/input_mux_addr_buf_reg[0]/C (clocked by CLK160PLL) and i_tdc/i_tdc_core/i_tdl/tdl_sampler/carry_chain[42].MoreCells/TDL_FF_B/D (clocked by CLK480PLL). Large setup violations at the end of those stages might be difficult to fix during the post-placement implementation flow and could be the result of non-optimal XDC constraints or non-optimal design architecture
Related violations: <none>

TIMING-16#50 Warning
Large setup violation  
There is a large setup violation of -2.315 ns between i_tdc/i_tdc_core/input_mux_addr_buf_reg[0]/C (clocked by CLK160PLL) and i_tdc/i_tdc_core/i_tdl/tdl_sampler/carry_chain[41].MoreCells/TDL_FF_D/D (clocked by CLK480PLL). Large setup violations at the end of those stages might be difficult to fix during the post-placement implementation flow and could be the result of non-optimal XDC constraints or non-optimal design architecture
Related violations: <none>

TIMING-16#51 Warning
Large setup violation  
There is a large setup violation of -2.334 ns between i_tdc/i_tdc_core/input_mux_addr_buf_reg[0]/C (clocked by CLK160PLL) and i_tdc/i_tdc_core/i_tdl/tdl_sampler/carry_chain[43].MoreCells/TDL_FF_B/D (clocked by CLK480PLL). Large setup violations at the end of those stages might be difficult to fix during the post-placement implementation flow and could be the result of non-optimal XDC constraints or non-optimal design architecture
Related violations: <none>

TIMING-16#52 Warning
Large setup violation  
There is a large setup violation of -2.369 ns between i_tdc/i_tdc_core/input_mux_addr_buf_reg[0]/C (clocked by CLK160PLL) and i_tdc/i_tdc_core/i_tdl/tdl_sampler/carry_chain[42].MoreCells/TDL_FF_D/D (clocked by CLK480PLL). Large setup violations at the end of those stages might be difficult to fix during the post-placement implementation flow and could be the result of non-optimal XDC constraints or non-optimal design architecture
Related violations: <none>

TIMING-16#53 Warning
Large setup violation  
There is a large setup violation of -2.388 ns between i_tdc/i_tdc_core/input_mux_addr_buf_reg[0]/C (clocked by CLK160PLL) and i_tdc/i_tdc_core/i_tdl/tdl_sampler/carry_chain[44].MoreCells/TDL_FF_B/D (clocked by CLK480PLL). Large setup violations at the end of those stages might be difficult to fix during the post-placement implementation flow and could be the result of non-optimal XDC constraints or non-optimal design architecture
Related violations: <none>

TIMING-16#54 Warning
Large setup violation  
There is a large setup violation of -2.423 ns between i_tdc/i_tdc_core/input_mux_addr_buf_reg[0]/C (clocked by CLK160PLL) and i_tdc/i_tdc_core/i_tdl/tdl_sampler/carry_chain[43].MoreCells/TDL_FF_D/D (clocked by CLK480PLL). Large setup violations at the end of those stages might be difficult to fix during the post-placement implementation flow and could be the result of non-optimal XDC constraints or non-optimal design architecture
Related violations: <none>

TIMING-16#55 Warning
Large setup violation  
There is a large setup violation of -2.442 ns between i_tdc/i_tdc_core/input_mux_addr_buf_reg[0]/C (clocked by CLK160PLL) and i_tdc/i_tdc_core/i_tdl/tdl_sampler/carry_chain[45].MoreCells/TDL_FF_B/D (clocked by CLK480PLL). Large setup violations at the end of those stages might be difficult to fix during the post-placement implementation flow and could be the result of non-optimal XDC constraints or non-optimal design architecture
Related violations: <none>

TIMING-16#56 Warning
Large setup violation  
There is a large setup violation of -2.477 ns between i_tdc/i_tdc_core/input_mux_addr_buf_reg[0]/C (clocked by CLK160PLL) and i_tdc/i_tdc_core/i_tdl/tdl_sampler/carry_chain[44].MoreCells/TDL_FF_D/D (clocked by CLK480PLL). Large setup violations at the end of those stages might be difficult to fix during the post-placement implementation flow and could be the result of non-optimal XDC constraints or non-optimal design architecture
Related violations: <none>

TIMING-16#57 Warning
Large setup violation  
There is a large setup violation of -2.496 ns between i_tdc/i_tdc_core/input_mux_addr_buf_reg[0]/C (clocked by CLK160PLL) and i_tdc/i_tdc_core/i_tdl/tdl_sampler/carry_chain[46].MoreCells/TDL_FF_B/D (clocked by CLK480PLL). Large setup violations at the end of those stages might be difficult to fix during the post-placement implementation flow and could be the result of non-optimal XDC constraints or non-optimal design architecture
Related violations: <none>

TIMING-16#58 Warning
Large setup violation  
There is a large setup violation of -2.531 ns between i_tdc/i_tdc_core/input_mux_addr_buf_reg[0]/C (clocked by CLK160PLL) and i_tdc/i_tdc_core/i_tdl/tdl_sampler/carry_chain[45].MoreCells/TDL_FF_D/D (clocked by CLK480PLL). Large setup violations at the end of those stages might be difficult to fix during the post-placement implementation flow and could be the result of non-optimal XDC constraints or non-optimal design architecture
Related violations: <none>

TIMING-16#59 Warning
Large setup violation  
There is a large setup violation of -2.585 ns between i_tdc/i_tdc_core/input_mux_addr_buf_reg[0]/C (clocked by CLK160PLL) and i_tdc/i_tdc_core/i_tdl/tdl_sampler/carry_chain[46].MoreCells/TDL_FF_D/D (clocked by CLK480PLL). Large setup violations at the end of those stages might be difficult to fix during the post-placement implementation flow and could be the result of non-optimal XDC constraints or non-optimal design architecture
Related violations: <none>

TIMING-16#60 Warning
Large setup violation  
There is a large setup violation of -2.721 ns between i_tdc/i_tdc_core/input_mux_addr_buf_reg[0]/C (clocked by CLK160PLL) and i_tdc/i_tdc_core/i_tdl/tdl_sampler/carry_chain[47].MoreCells/TDL_FF_B/D (clocked by CLK480PLL). Large setup violations at the end of those stages might be difficult to fix during the post-placement implementation flow and could be the result of non-optimal XDC constraints or non-optimal design architecture
Related violations: <none>

TIMING-16#61 Warning
Large setup violation  
There is a large setup violation of -2.810 ns between i_tdc/i_tdc_core/input_mux_addr_buf_reg[0]/C (clocked by CLK160PLL) and i_tdc/i_tdc_core/i_tdl/tdl_sampler/carry_chain[47].MoreCells/TDL_FF_D/D (clocked by CLK480PLL). Large setup violations at the end of those stages might be difficult to fix during the post-placement implementation flow and could be the result of non-optimal XDC constraints or non-optimal design architecture
Related violations: <none>

TIMING-18#1 Warning
Missing input or output delay  
An input delay is missing on rgmii_rx_ctl relative to clock(s) rgmii_rxc
Related violations: <none>

TIMING-18#2 Warning
Missing input or output delay  
An input delay is missing on rgmii_rxd[0] relative to clock(s) rgmii_rxc
Related violations: <none>

TIMING-18#3 Warning
Missing input or output delay  
An input delay is missing on rgmii_rxd[1] relative to clock(s) rgmii_rxc
Related violations: <none>

TIMING-18#4 Warning
Missing input or output delay  
An input delay is missing on rgmii_rxd[2] relative to clock(s) rgmii_rxc
Related violations: <none>

TIMING-18#5 Warning
Missing input or output delay  
An input delay is missing on rgmii_rxd[3] relative to clock(s) rgmii_rxc
Related violations: <none>

TIMING-24#1 Warning
Overridden Max delay datapath only  
An asynchronous set_clock_groups or a set_false path (see constraint position 23 in the Timing Constraints window in Vivado IDE) between clocks CLK125PLLTX and BUS_CLK_PLL overrides a set_max_delay -datapath_only (position 2). It is not recommended to override a set_max_delay -datapath_only constraint. Replace the set_clock_groups or set_false_path between clocks with point-to-point set_false_path constraints
Related violations: <none>

TIMING-24#2 Warning
Overridden Max delay datapath only  
An asynchronous set_clock_groups or a set_false path (see constraint position 23 in the Timing Constraints window in Vivado IDE) between clocks CLK125PLLTX and BUS_CLK_PLL overrides a set_max_delay -datapath_only (position 3). It is not recommended to override a set_max_delay -datapath_only constraint. Replace the set_clock_groups or set_false_path between clocks with point-to-point set_false_path constraints
Related violations: <none>

TIMING-24#3 Warning
Overridden Max delay datapath only  
An asynchronous set_clock_groups or a set_false path (see constraint position 24 in the Timing Constraints window in Vivado IDE) between clocks BUS_CLK_PLL and CLK125PLLTX overrides a set_max_delay -datapath_only (position 15). It is not recommended to override a set_max_delay -datapath_only constraint. Replace the set_clock_groups or set_false_path between clocks with point-to-point set_false_path constraints
Related violations: <none>

TIMING-24#4 Warning
Overridden Max delay datapath only  
An asynchronous set_clock_groups or a set_false path (see constraint position 24 in the Timing Constraints window in Vivado IDE) between clocks BUS_CLK_PLL and CLK125PLLTX overrides a set_max_delay -datapath_only (position 16). It is not recommended to override a set_max_delay -datapath_only constraint. Replace the set_clock_groups or set_false_path between clocks with point-to-point set_false_path constraints
Related violations: <none>

TIMING-24#5 Warning
Overridden Max delay datapath only  
An asynchronous set_clock_groups or a set_false path (see constraint position 24 in the Timing Constraints window in Vivado IDE) between clocks BUS_CLK_PLL and CLK125PLLTX overrides a set_max_delay -datapath_only (position 17). It is not recommended to override a set_max_delay -datapath_only constraint. Replace the set_clock_groups or set_false_path between clocks with point-to-point set_false_path constraints
Related violations: <none>

TIMING-24#6 Warning
Overridden Max delay datapath only  
An asynchronous set_clock_groups or a set_false path (see constraint position 25 in the Timing Constraints window in Vivado IDE) between clocks BUS_CLK_PLL and rgmii_rxc overrides a set_max_delay -datapath_only (position 10). It is not recommended to override a set_max_delay -datapath_only constraint. Replace the set_clock_groups or set_false_path between clocks with point-to-point set_false_path constraints
Related violations: <none>

TIMING-24#7 Warning
Overridden Max delay datapath only  
An asynchronous set_clock_groups or a set_false path (see constraint position 25 in the Timing Constraints window in Vivado IDE) between clocks BUS_CLK_PLL and rgmii_rxc overrides a set_max_delay -datapath_only (position 4). It is not recommended to override a set_max_delay -datapath_only constraint. Replace the set_clock_groups or set_false_path between clocks with point-to-point set_false_path constraints
Related violations: <none>

TIMING-24#8 Warning
Overridden Max delay datapath only  
An asynchronous set_clock_groups or a set_false path (see constraint position 25 in the Timing Constraints window in Vivado IDE) between clocks BUS_CLK_PLL and rgmii_rxc overrides a set_max_delay -datapath_only (position 5). It is not recommended to override a set_max_delay -datapath_only constraint. Replace the set_clock_groups or set_false_path between clocks with point-to-point set_false_path constraints
Related violations: <none>

TIMING-24#9 Warning
Overridden Max delay datapath only  
An asynchronous set_clock_groups or a set_false path (see constraint position 25 in the Timing Constraints window in Vivado IDE) between clocks BUS_CLK_PLL and rgmii_rxc overrides a set_max_delay -datapath_only (position 6). It is not recommended to override a set_max_delay -datapath_only constraint. Replace the set_clock_groups or set_false_path between clocks with point-to-point set_false_path constraints
Related violations: <none>

TIMING-24#10 Warning
Overridden Max delay datapath only  
An asynchronous set_clock_groups or a set_false path (see constraint position 25 in the Timing Constraints window in Vivado IDE) between clocks BUS_CLK_PLL and rgmii_rxc overrides a set_max_delay -datapath_only (position 7). It is not recommended to override a set_max_delay -datapath_only constraint. Replace the set_clock_groups or set_false_path between clocks with point-to-point set_false_path constraints
Related violations: <none>

TIMING-24#11 Warning
Overridden Max delay datapath only  
An asynchronous set_clock_groups or a set_false path (see constraint position 25 in the Timing Constraints window in Vivado IDE) between clocks BUS_CLK_PLL and rgmii_rxc overrides a set_max_delay -datapath_only (position 8). It is not recommended to override a set_max_delay -datapath_only constraint. Replace the set_clock_groups or set_false_path between clocks with point-to-point set_false_path constraints
Related violations: <none>

TIMING-24#12 Warning
Overridden Max delay datapath only  
An asynchronous set_clock_groups or a set_false path (see constraint position 25 in the Timing Constraints window in Vivado IDE) between clocks BUS_CLK_PLL and rgmii_rxc overrides a set_max_delay -datapath_only (position 9). It is not recommended to override a set_max_delay -datapath_only constraint. Replace the set_clock_groups or set_false_path between clocks with point-to-point set_false_path constraints
Related violations: <none>

TIMING-24#13 Warning
Overridden Max delay datapath only  
An asynchronous set_clock_groups or a set_false path (see constraint position 26 in the Timing Constraints window in Vivado IDE) between clocks rgmii_rxc and BUS_CLK_PLL overrides a set_max_delay -datapath_only (position 1). It is not recommended to override a set_max_delay -datapath_only constraint. Replace the set_clock_groups or set_false_path between clocks with point-to-point set_false_path constraints
Related violations: <none>

TIMING-28#1 Warning
Auto-derived clock referenced by a timing constraint  
The auto-derived clock BUS_CLK_PLL is referenced by name inside timing constraint (see constraint position 23 in the Timing Constraint window in Vivado IDE). It is recommended to reference an auto-derived clock by the pin name attached to the clock: get_clocks -of_objects [get_pins PLLE2_BASE_BUS/CLKOUT0]
Related violations: <none>

TIMING-28#2 Warning
Auto-derived clock referenced by a timing constraint  
The auto-derived clock BUS_CLK_PLL is referenced by name inside timing constraint (see constraint position 24 in the Timing Constraint window in Vivado IDE). It is recommended to reference an auto-derived clock by the pin name attached to the clock: get_clocks -of_objects [get_pins PLLE2_BASE_BUS/CLKOUT0]
Related violations: <none>

TIMING-28#3 Warning
Auto-derived clock referenced by a timing constraint  
The auto-derived clock BUS_CLK_PLL is referenced by name inside timing constraint (see constraint position 25 in the Timing Constraint window in Vivado IDE). It is recommended to reference an auto-derived clock by the pin name attached to the clock: get_clocks -of_objects [get_pins PLLE2_BASE_BUS/CLKOUT0]
Related violations: <none>

TIMING-28#4 Warning
Auto-derived clock referenced by a timing constraint  
The auto-derived clock BUS_CLK_PLL is referenced by name inside timing constraint (see constraint position 26 in the Timing Constraint window in Vivado IDE). It is recommended to reference an auto-derived clock by the pin name attached to the clock: get_clocks -of_objects [get_pins PLLE2_BASE_BUS/CLKOUT0]
Related violations: <none>

TIMING-28#5 Warning
Auto-derived clock referenced by a timing constraint  
The auto-derived clock BUS_CLK_PLL is referenced by name inside timing constraint (see constraint position 27 in the Timing Constraint window in Vivado IDE). It is recommended to reference an auto-derived clock by the pin name attached to the clock: get_clocks -of_objects [get_pins PLLE2_BASE_BUS/CLKOUT0]
Related violations: <none>

TIMING-28#6 Warning
Auto-derived clock referenced by a timing constraint  
The auto-derived clock BUS_CLK_PLL is referenced by name inside timing constraint (see constraint position 28 in the Timing Constraint window in Vivado IDE). It is recommended to reference an auto-derived clock by the pin name attached to the clock: get_clocks -of_objects [get_pins PLLE2_BASE_BUS/CLKOUT0]
Related violations: <none>

TIMING-28#7 Warning
Auto-derived clock referenced by a timing constraint  
The auto-derived clock BUS_CLK_PLL is referenced by name inside timing constraint (see constraint position 29 in the Timing Constraint window in Vivado IDE). It is recommended to reference an auto-derived clock by the pin name attached to the clock: get_clocks -of_objects [get_pins PLLE2_BASE_BUS/CLKOUT0]
Related violations: <none>

TIMING-28#8 Warning
Auto-derived clock referenced by a timing constraint  
The auto-derived clock CLK125PLLTX is referenced by name inside timing constraint (see constraint position 23 in the Timing Constraint window in Vivado IDE). It is recommended to reference an auto-derived clock by the pin name attached to the clock: get_clocks -of_objects [get_pins PLLE2_BASE_BUS/CLKOUT2]
Related violations: <none>

TIMING-28#9 Warning
Auto-derived clock referenced by a timing constraint  
The auto-derived clock CLK125PLLTX is referenced by name inside timing constraint (see constraint position 24 in the Timing Constraint window in Vivado IDE). It is recommended to reference an auto-derived clock by the pin name attached to the clock: get_clocks -of_objects [get_pins PLLE2_BASE_BUS/CLKOUT2]
Related violations: <none>

TIMING-28#10 Warning
Auto-derived clock referenced by a timing constraint  
The auto-derived clock CLK160PLL is referenced by name inside timing constraint (see constraint position 27 in the Timing Constraint window in Vivado IDE). It is recommended to reference an auto-derived clock by the pin name attached to the clock: get_clocks -of_objects [get_pins PLLE2_BASE_480/CLKOUT0]
Related violations: <none>

TIMING-28#11 Warning
Auto-derived clock referenced by a timing constraint  
The auto-derived clock CLK160PLL is referenced by name inside timing constraint (see constraint position 28 in the Timing Constraint window in Vivado IDE). It is recommended to reference an auto-derived clock by the pin name attached to the clock: get_clocks -of_objects [get_pins PLLE2_BASE_480/CLKOUT0]
Related violations: <none>

TIMING-28#12 Warning
Auto-derived clock referenced by a timing constraint  
The auto-derived clock CLK480PLL is referenced by name inside timing constraint (see constraint position 29 in the Timing Constraint window in Vivado IDE). It is recommended to reference an auto-derived clock by the pin name attached to the clock: get_clocks -of_objects [get_pins PLLE2_BASE_480/CLKOUT1]
Related violations: <none>

TIMING-47#1 Warning
False path, asynchronous clock group or max delay datapath only constraint between synchronous clocks  
A False Path timing constraint is set between synchronous clocks BUS_CLK_PLL and CLK125PLLTX (see constraint position 24 in the Timing Constraint window in Vivado IDE). Masking entire synchronous clock domains via  set_false_path, set_clock_groups or set_max_delay -datapath_only may result in failure in hardware.
Related violations: <none>

TIMING-47#2 Warning
False path, asynchronous clock group or max delay datapath only constraint between synchronous clocks  
A False Path timing constraint is set between synchronous clocks BUS_CLK_PLL and CLK160PLL (see constraint position 27 in the Timing Constraint window in Vivado IDE). Masking entire synchronous clock domains via  set_false_path, set_clock_groups or set_max_delay -datapath_only may result in failure in hardware.
Related violations: <none>

TIMING-47#3 Warning
False path, asynchronous clock group or max delay datapath only constraint between synchronous clocks  
A False Path timing constraint is set between synchronous clocks BUS_CLK_PLL and CLK480PLL (see constraint position 29 in the Timing Constraint window in Vivado IDE). Masking entire synchronous clock domains via  set_false_path, set_clock_groups or set_max_delay -datapath_only may result in failure in hardware.
Related violations: <none>

TIMING-47#4 Warning
False path, asynchronous clock group or max delay datapath only constraint between synchronous clocks  
A False Path timing constraint is set between synchronous clocks CLK125PLLTX and BUS_CLK_PLL (see constraint position 23 in the Timing Constraint window in Vivado IDE). Masking entire synchronous clock domains via  set_false_path, set_clock_groups or set_max_delay -datapath_only may result in failure in hardware.
Related violations: <none>

TIMING-47#5 Warning
False path, asynchronous clock group or max delay datapath only constraint between synchronous clocks  
A False Path timing constraint is set between synchronous clocks CLK160PLL and BUS_CLK_PLL (see constraint position 28 in the Timing Constraint window in Vivado IDE). Masking entire synchronous clock domains via  set_false_path, set_clock_groups or set_max_delay -datapath_only may result in failure in hardware.
Related violations: <none>

XDCB-5#1 Warning
Runtime inefficient way to find pin objects  
The option '-from : [get_pins -hier -filter {name =~ */GMII_RXBUF/cmpWrAddr*/C}]' of constraint 'set_max_delay' uses inefficient query to find pin objects (see constraint position '1' in the Timing Constraint window in Vivado IDE). To reduce runtime, it is recommended to get the pins through the cell objects. Please refer to Using Constraints Guide (Constraints Efficiency). An example of optimal query is: get_pins -filter {REF_PIN_NAME=~yy*} -of_objects [get_cells -hierarchical xx*].
Current XDC: /users/rleiser/work/basil_branch/examples/tdc_bdaq/SiTCP.xdc (Line: 3)
Related violations: <none>

XDCB-5#2 Warning
Runtime inefficient way to find pin objects  
The option '-from : [get_pins -hier -filter {name =~ */GMII_RXCNT/orMacPause/C}]' of constraint 'set_max_delay' uses inefficient query to find pin objects (see constraint position '19' in the Timing Constraint window in Vivado IDE). To reduce runtime, it is recommended to get the pins through the cell objects. Please refer to Using Constraints Guide (Constraints Efficiency). An example of optimal query is: get_pins -filter {REF_PIN_NAME=~yy*} -of_objects [get_cells -hierarchical xx*].
Current XDC: /users/rleiser/work/basil_branch/examples/tdc_bdaq/SiTCP.xdc (Line: 24)
Related violations: <none>

XDCB-5#3 Warning
Runtime inefficient way to find pin objects  
The option '-from : [get_pins -hier -filter {name =~ */GMII_RXCNT/orMacTim*/C}]' of constraint 'set_max_delay' uses inefficient query to find pin objects (see constraint position '18' in the Timing Constraint window in Vivado IDE). To reduce runtime, it is recommended to get the pins through the cell objects. Please refer to Using Constraints Guide (Constraints Efficiency). An example of optimal query is: get_pins -filter {REF_PIN_NAME=~yy*} -of_objects [get_cells -hierarchical xx*].
Current XDC: /users/rleiser/work/basil_branch/examples/tdc_bdaq/SiTCP.xdc (Line: 23)
Related violations: <none>

XDCB-5#4 Warning
Runtime inefficient way to find pin objects  
The option '-from : [get_pins -hier -filter {name =~ */GMII_TXBUF/dlyBank0LastWrAddr*/C}]' of constraint 'set_max_delay' uses inefficient query to find pin objects (see constraint position '15' in the Timing Constraint window in Vivado IDE). To reduce runtime, it is recommended to get the pins through the cell objects. Please refer to Using Constraints Guide (Constraints Efficiency). An example of optimal query is: get_pins -filter {REF_PIN_NAME=~yy*} -of_objects [get_cells -hierarchical xx*].
Current XDC: /users/rleiser/work/basil_branch/examples/tdc_bdaq/SiTCP.xdc (Line: 19)
Related violations: <none>

XDCB-5#5 Warning
Runtime inefficient way to find pin objects  
The option '-from : [get_pins -hier -filter {name =~ */GMII_TXBUF/dlyBank1LastWrAddr*/C}]' of constraint 'set_max_delay' uses inefficient query to find pin objects (see constraint position '16' in the Timing Constraint window in Vivado IDE). To reduce runtime, it is recommended to get the pins through the cell objects. Please refer to Using Constraints Guide (Constraints Efficiency). An example of optimal query is: get_pins -filter {REF_PIN_NAME=~yy*} -of_objects [get_cells -hierarchical xx*].
Current XDC: /users/rleiser/work/basil_branch/examples/tdc_bdaq/SiTCP.xdc (Line: 20)
Related violations: <none>

XDCB-5#6 Warning
Runtime inefficient way to find pin objects  
The option '-from : [get_pins -hier -filter {name =~ */GMII_TXBUF/memRdReq*/C}]' of constraint 'set_max_delay' uses inefficient query to find pin objects (see constraint position '17' in the Timing Constraint window in Vivado IDE). To reduce runtime, it is recommended to get the pins through the cell objects. Please refer to Using Constraints Guide (Constraints Efficiency). An example of optimal query is: get_pins -filter {REF_PIN_NAME=~yy*} -of_objects [get_cells -hierarchical xx*].
Current XDC: /users/rleiser/work/basil_branch/examples/tdc_bdaq/SiTCP.xdc (Line: 21)
Related violations: <none>

XDCB-5#7 Warning
Runtime inefficient way to find pin objects  
The option '-from : [get_pins -hier -filter {name =~ */GMII_TXBUF/muxEndTgl/C}]' of constraint 'set_max_delay' uses inefficient query to find pin objects (see constraint position '3' in the Timing Constraint window in Vivado IDE). To reduce runtime, it is recommended to get the pins through the cell objects. Please refer to Using Constraints Guide (Constraints Efficiency). An example of optimal query is: get_pins -filter {REF_PIN_NAME=~yy*} -of_objects [get_cells -hierarchical xx*].
Current XDC: /users/rleiser/work/basil_branch/examples/tdc_bdaq/SiTCP.xdc (Line: 5)
Related violations: <none>

XDCB-5#8 Warning
Runtime inefficient way to find pin objects  
The option '-from : [get_pins -hier -filter {name =~ */GMII_TXBUF/orRdAct*/C}]' of constraint 'set_max_delay' uses inefficient query to find pin objects (see constraint position '2' in the Timing Constraint window in Vivado IDE). To reduce runtime, it is recommended to get the pins through the cell objects. Please refer to Using Constraints Guide (Constraints Efficiency). An example of optimal query is: get_pins -filter {REF_PIN_NAME=~yy*} -of_objects [get_cells -hierarchical xx*].
Current XDC: /users/rleiser/work/basil_branch/examples/tdc_bdaq/SiTCP.xdc (Line: 4)
Related violations: <none>

XDCB-5#9 Warning
Runtime inefficient way to find pin objects  
The option '-from : [get_pins -hier -filter {name =~ */SiTCP_INT/SiTCP_RESET_OUT/C}]' of constraint 'set_false_path' uses inefficient query to find pin objects (see constraint position '20' in the Timing Constraint window in Vivado IDE). To reduce runtime, it is recommended to get the pins through the cell objects. Please refer to Using Constraints Guide (Constraints Efficiency). An example of optimal query is: get_pins -filter {REF_PIN_NAME=~yy*} -of_objects [get_cells -hierarchical xx*].
Current XDC: /users/rleiser/work/basil_branch/examples/tdc_bdaq/SiTCP.xdc (Line: 26)
Related violations: <none>

XDCB-5#10 Warning
Runtime inefficient way to find pin objects  
The option '-from : [get_pins -hier -filter {name =~ */SiTCP_INT_REG/regX10Data*/C}]' of constraint 'set_max_delay' uses inefficient query to find pin objects (see constraint position '4' in the Timing Constraint window in Vivado IDE). To reduce runtime, it is recommended to get the pins through the cell objects. Please refer to Using Constraints Guide (Constraints Efficiency). An example of optimal query is: get_pins -filter {REF_PIN_NAME=~yy*} -of_objects [get_cells -hierarchical xx*].
Current XDC: /users/rleiser/work/basil_branch/examples/tdc_bdaq/SiTCP.xdc (Line: 7)
Related violations: <none>

XDCB-5#11 Warning
Runtime inefficient way to find pin objects  
The option '-from : [get_pins -hier -filter {name =~ */SiTCP_INT_REG/regX12Data*/C}]' of constraint 'set_max_delay' uses inefficient query to find pin objects (see constraint position '5' in the Timing Constraint window in Vivado IDE). To reduce runtime, it is recommended to get the pins through the cell objects. Please refer to Using Constraints Guide (Constraints Efficiency). An example of optimal query is: get_pins -filter {REF_PIN_NAME=~yy*} -of_objects [get_cells -hierarchical xx*].
Current XDC: /users/rleiser/work/basil_branch/examples/tdc_bdaq/SiTCP.xdc (Line: 8)
Related violations: <none>

XDCB-5#12 Warning
Runtime inefficient way to find pin objects  
The option '-from : [get_pins -hier -filter {name =~ */SiTCP_INT_REG/regX13Data*/C}]' of constraint 'set_max_delay' uses inefficient query to find pin objects (see constraint position '6' in the Timing Constraint window in Vivado IDE). To reduce runtime, it is recommended to get the pins through the cell objects. Please refer to Using Constraints Guide (Constraints Efficiency). An example of optimal query is: get_pins -filter {REF_PIN_NAME=~yy*} -of_objects [get_cells -hierarchical xx*].
Current XDC: /users/rleiser/work/basil_branch/examples/tdc_bdaq/SiTCP.xdc (Line: 9)
Related violations: <none>

XDCB-5#13 Warning
Runtime inefficient way to find pin objects  
The option '-from : [get_pins -hier -filter {name =~ */SiTCP_INT_REG/regX14Data*/C}]' of constraint 'set_max_delay' uses inefficient query to find pin objects (see constraint position '7' in the Timing Constraint window in Vivado IDE). To reduce runtime, it is recommended to get the pins through the cell objects. Please refer to Using Constraints Guide (Constraints Efficiency). An example of optimal query is: get_pins -filter {REF_PIN_NAME=~yy*} -of_objects [get_cells -hierarchical xx*].
Current XDC: /users/rleiser/work/basil_branch/examples/tdc_bdaq/SiTCP.xdc (Line: 10)
Related violations: <none>

XDCB-5#14 Warning
Runtime inefficient way to find pin objects  
The option '-from : [get_pins -hier -filter {name =~ */SiTCP_INT_REG/regX15Data*/C}]' of constraint 'set_max_delay' uses inefficient query to find pin objects (see constraint position '8' in the Timing Constraint window in Vivado IDE). To reduce runtime, it is recommended to get the pins through the cell objects. Please refer to Using Constraints Guide (Constraints Efficiency). An example of optimal query is: get_pins -filter {REF_PIN_NAME=~yy*} -of_objects [get_cells -hierarchical xx*].
Current XDC: /users/rleiser/work/basil_branch/examples/tdc_bdaq/SiTCP.xdc (Line: 11)
Related violations: <none>

XDCB-5#15 Warning
Runtime inefficient way to find pin objects  
The option '-from : [get_pins -hier -filter {name =~ */SiTCP_INT_REG/regX16Data*/C}]' of constraint 'set_max_delay' uses inefficient query to find pin objects (see constraint position '9' in the Timing Constraint window in Vivado IDE). To reduce runtime, it is recommended to get the pins through the cell objects. Please refer to Using Constraints Guide (Constraints Efficiency). An example of optimal query is: get_pins -filter {REF_PIN_NAME=~yy*} -of_objects [get_cells -hierarchical xx*].
Current XDC: /users/rleiser/work/basil_branch/examples/tdc_bdaq/SiTCP.xdc (Line: 12)
Related violations: <none>

XDCB-5#16 Warning
Runtime inefficient way to find pin objects  
The option '-from : [get_pins -hier -filter {name =~ */SiTCP_INT_REG/regX17Data*/C}]' of constraint 'set_max_delay' uses inefficient query to find pin objects (see constraint position '10' in the Timing Constraint window in Vivado IDE). To reduce runtime, it is recommended to get the pins through the cell objects. Please refer to Using Constraints Guide (Constraints Efficiency). An example of optimal query is: get_pins -filter {REF_PIN_NAME=~yy*} -of_objects [get_cells -hierarchical xx*].
Current XDC: /users/rleiser/work/basil_branch/examples/tdc_bdaq/SiTCP.xdc (Line: 13)
Related violations: <none>

XDCB-5#17 Warning
Runtime inefficient way to find pin objects  
The option '-from : [get_pins -hier -filter {name =~ */SiTCP_INT_REG/regX18Data*/C}]' of constraint 'set_max_delay' uses inefficient query to find pin objects (see constraint position '11' in the Timing Constraint window in Vivado IDE). To reduce runtime, it is recommended to get the pins through the cell objects. Please refer to Using Constraints Guide (Constraints Efficiency). An example of optimal query is: get_pins -filter {REF_PIN_NAME=~yy*} -of_objects [get_cells -hierarchical xx*].
Current XDC: /users/rleiser/work/basil_branch/examples/tdc_bdaq/SiTCP.xdc (Line: 14)
Related violations: <none>

XDCB-5#18 Warning
Runtime inefficient way to find pin objects  
The option '-from : [get_pins -hier -filter {name =~ */SiTCP_INT_REG/regX19Data*/C}]' of constraint 'set_max_delay' uses inefficient query to find pin objects (see constraint position '12' in the Timing Constraint window in Vivado IDE). To reduce runtime, it is recommended to get the pins through the cell objects. Please refer to Using Constraints Guide (Constraints Efficiency). An example of optimal query is: get_pins -filter {REF_PIN_NAME=~yy*} -of_objects [get_cells -hierarchical xx*].
Current XDC: /users/rleiser/work/basil_branch/examples/tdc_bdaq/SiTCP.xdc (Line: 15)
Related violations: <none>

XDCB-5#19 Warning
Runtime inefficient way to find pin objects  
The option '-from : [get_pins -hier -filter {name =~ */SiTCP_INT_REG/regX1AData*/C}]' of constraint 'set_max_delay' uses inefficient query to find pin objects (see constraint position '13' in the Timing Constraint window in Vivado IDE). To reduce runtime, it is recommended to get the pins through the cell objects. Please refer to Using Constraints Guide (Constraints Efficiency). An example of optimal query is: get_pins -filter {REF_PIN_NAME=~yy*} -of_objects [get_cells -hierarchical xx*].
Current XDC: /users/rleiser/work/basil_branch/examples/tdc_bdaq/SiTCP.xdc (Line: 16)
Related violations: <none>

XDCB-5#20 Warning
Runtime inefficient way to find pin objects  
The option '-from : [get_pins -hier -filter {name =~ */SiTCP_INT_REG/regX1BData*/C}]' of constraint 'set_max_delay' uses inefficient query to find pin objects (see constraint position '14' in the Timing Constraint window in Vivado IDE). To reduce runtime, it is recommended to get the pins through the cell objects. Please refer to Using Constraints Guide (Constraints Efficiency). An example of optimal query is: get_pins -filter {REF_PIN_NAME=~yy*} -of_objects [get_cells -hierarchical xx*].
Current XDC: /users/rleiser/work/basil_branch/examples/tdc_bdaq/SiTCP.xdc (Line: 17)
Related violations: <none>

XDCB-5#21 Warning
Runtime inefficient way to find pin objects  
The option '-to : [get_pins -hier -filter {name =~ */GMII_RXBUF/smpWrStatusAddr*/D}]' of constraint 'set_max_delay' uses inefficient query to find pin objects (see constraint position '1' in the Timing Constraint window in Vivado IDE). To reduce runtime, it is recommended to get the pins through the cell objects. Please refer to Using Constraints Guide (Constraints Efficiency). An example of optimal query is: get_pins -filter {REF_PIN_NAME=~yy*} -of_objects [get_cells -hierarchical xx*].
Current XDC: /users/rleiser/work/basil_branch/examples/tdc_bdaq/SiTCP.xdc (Line: 3)
Related violations: <none>

XDCB-5#22 Warning
Runtime inefficient way to find pin objects  
The option '-to : [get_pins -hier -filter {name =~ */GMII_RXCNT/irMacFlowEnb/D}]' of constraint 'set_max_delay' uses inefficient query to find pin objects (see constraint position '4' in the Timing Constraint window in Vivado IDE). To reduce runtime, it is recommended to get the pins through the cell objects. Please refer to Using Constraints Guide (Constraints Efficiency). An example of optimal query is: get_pins -filter {REF_PIN_NAME=~yy*} -of_objects [get_cells -hierarchical xx*].
Current XDC: /users/rleiser/work/basil_branch/examples/tdc_bdaq/SiTCP.xdc (Line: 7)
Related violations: <none>

XDCB-5#23 Warning
Runtime inefficient way to find pin objects  
The option '-to : [get_pins -hier -filter {name =~ */GMII_RXCNT/muxMyIp*/D}]' of constraint 'set_max_delay' uses inefficient query to find pin objects (see constraint position '11' in the Timing Constraint window in Vivado IDE). To reduce runtime, it is recommended to get the pins through the cell objects. Please refer to Using Constraints Guide (Constraints Efficiency). An example of optimal query is: get_pins -filter {REF_PIN_NAME=~yy*} -of_objects [get_cells -hierarchical xx*].
Current XDC: /users/rleiser/work/basil_branch/examples/tdc_bdaq/SiTCP.xdc (Line: 14)
Related violations: <none>

XDCB-5#24 Warning
Runtime inefficient way to find pin objects  
The option '-to : [get_pins -hier -filter {name =~ */GMII_RXCNT/muxMyIp*/D}]' of constraint 'set_max_delay' uses inefficient query to find pin objects (see constraint position '12' in the Timing Constraint window in Vivado IDE). To reduce runtime, it is recommended to get the pins through the cell objects. Please refer to Using Constraints Guide (Constraints Efficiency). An example of optimal query is: get_pins -filter {REF_PIN_NAME=~yy*} -of_objects [get_cells -hierarchical xx*].
Current XDC: /users/rleiser/work/basil_branch/examples/tdc_bdaq/SiTCP.xdc (Line: 15)
Related violations: <none>

XDCB-5#25 Warning
Runtime inefficient way to find pin objects  
The option '-to : [get_pins -hier -filter {name =~ */GMII_RXCNT/muxMyIp*/D}]' of constraint 'set_max_delay' uses inefficient query to find pin objects (see constraint position '13' in the Timing Constraint window in Vivado IDE). To reduce runtime, it is recommended to get the pins through the cell objects. Please refer to Using Constraints Guide (Constraints Efficiency). An example of optimal query is: get_pins -filter {REF_PIN_NAME=~yy*} -of_objects [get_cells -hierarchical xx*].
Current XDC: /users/rleiser/work/basil_branch/examples/tdc_bdaq/SiTCP.xdc (Line: 16)
Related violations: <none>

XDCB-5#26 Warning
Runtime inefficient way to find pin objects  
The option '-to : [get_pins -hier -filter {name =~ */GMII_RXCNT/muxMyIp*/D}]' of constraint 'set_max_delay' uses inefficient query to find pin objects (see constraint position '14' in the Timing Constraint window in Vivado IDE). To reduce runtime, it is recommended to get the pins through the cell objects. Please refer to Using Constraints Guide (Constraints Efficiency). An example of optimal query is: get_pins -filter {REF_PIN_NAME=~yy*} -of_objects [get_cells -hierarchical xx*].
Current XDC: /users/rleiser/work/basil_branch/examples/tdc_bdaq/SiTCP.xdc (Line: 17)
Related violations: <none>

XDCB-5#27 Warning
Runtime inefficient way to find pin objects  
The option '-to : [get_pins -hier -filter {name =~ */GMII_RXCNT/muxMyMac*/D}]' of constraint 'set_max_delay' uses inefficient query to find pin objects (see constraint position '10' in the Timing Constraint window in Vivado IDE). To reduce runtime, it is recommended to get the pins through the cell objects. Please refer to Using Constraints Guide (Constraints Efficiency). An example of optimal query is: get_pins -filter {REF_PIN_NAME=~yy*} -of_objects [get_cells -hierarchical xx*].
Current XDC: /users/rleiser/work/basil_branch/examples/tdc_bdaq/SiTCP.xdc (Line: 13)
Related violations: <none>

XDCB-5#28 Warning
Runtime inefficient way to find pin objects  
The option '-to : [get_pins -hier -filter {name =~ */GMII_RXCNT/muxMyMac*/D}]' of constraint 'set_max_delay' uses inefficient query to find pin objects (see constraint position '5' in the Timing Constraint window in Vivado IDE). To reduce runtime, it is recommended to get the pins through the cell objects. Please refer to Using Constraints Guide (Constraints Efficiency). An example of optimal query is: get_pins -filter {REF_PIN_NAME=~yy*} -of_objects [get_cells -hierarchical xx*].
Current XDC: /users/rleiser/work/basil_branch/examples/tdc_bdaq/SiTCP.xdc (Line: 8)
Related violations: <none>

XDCB-5#29 Warning
Runtime inefficient way to find pin objects  
The option '-to : [get_pins -hier -filter {name =~ */GMII_RXCNT/muxMyMac*/D}]' of constraint 'set_max_delay' uses inefficient query to find pin objects (see constraint position '6' in the Timing Constraint window in Vivado IDE). To reduce runtime, it is recommended to get the pins through the cell objects. Please refer to Using Constraints Guide (Constraints Efficiency). An example of optimal query is: get_pins -filter {REF_PIN_NAME=~yy*} -of_objects [get_cells -hierarchical xx*].
Current XDC: /users/rleiser/work/basil_branch/examples/tdc_bdaq/SiTCP.xdc (Line: 9)
Related violations: <none>

XDCB-5#30 Warning
Runtime inefficient way to find pin objects  
The option '-to : [get_pins -hier -filter {name =~ */GMII_RXCNT/muxMyMac*/D}]' of constraint 'set_max_delay' uses inefficient query to find pin objects (see constraint position '7' in the Timing Constraint window in Vivado IDE). To reduce runtime, it is recommended to get the pins through the cell objects. Please refer to Using Constraints Guide (Constraints Efficiency). An example of optimal query is: get_pins -filter {REF_PIN_NAME=~yy*} -of_objects [get_cells -hierarchical xx*].
Current XDC: /users/rleiser/work/basil_branch/examples/tdc_bdaq/SiTCP.xdc (Line: 10)
Related violations: <none>

XDCB-5#31 Warning
Runtime inefficient way to find pin objects  
The option '-to : [get_pins -hier -filter {name =~ */GMII_RXCNT/muxMyMac*/D}]' of constraint 'set_max_delay' uses inefficient query to find pin objects (see constraint position '8' in the Timing Constraint window in Vivado IDE). To reduce runtime, it is recommended to get the pins through the cell objects. Please refer to Using Constraints Guide (Constraints Efficiency). An example of optimal query is: get_pins -filter {REF_PIN_NAME=~yy*} -of_objects [get_cells -hierarchical xx*].
Current XDC: /users/rleiser/work/basil_branch/examples/tdc_bdaq/SiTCP.xdc (Line: 11)
Related violations: <none>

XDCB-5#32 Warning
Runtime inefficient way to find pin objects  
The option '-to : [get_pins -hier -filter {name =~ */GMII_RXCNT/muxMyMac*/D}]' of constraint 'set_max_delay' uses inefficient query to find pin objects (see constraint position '9' in the Timing Constraint window in Vivado IDE). To reduce runtime, it is recommended to get the pins through the cell objects. Please refer to Using Constraints Guide (Constraints Efficiency). An example of optimal query is: get_pins -filter {REF_PIN_NAME=~yy*} -of_objects [get_cells -hierarchical xx*].
Current XDC: /users/rleiser/work/basil_branch/examples/tdc_bdaq/SiTCP.xdc (Line: 12)
Related violations: <none>

XDCB-5#33 Warning
Runtime inefficient way to find pin objects  
The option '-to : [get_pins -hier -filter {name =~ */GMII_TXBUF/irMemRdReq*/D}]' of constraint 'set_max_delay' uses inefficient query to find pin objects (see constraint position '17' in the Timing Constraint window in Vivado IDE). To reduce runtime, it is recommended to get the pins through the cell objects. Please refer to Using Constraints Guide (Constraints Efficiency). An example of optimal query is: get_pins -filter {REF_PIN_NAME=~yy*} -of_objects [get_cells -hierarchical xx*].
Current XDC: /users/rleiser/work/basil_branch/examples/tdc_bdaq/SiTCP.xdc (Line: 21)
Related violations: <none>

XDCB-5#34 Warning
Runtime inefficient way to find pin objects  
The option '-to : [get_pins -hier -filter {name =~ */GMII_TXBUF/irRdAct*/D}]' of constraint 'set_max_delay' uses inefficient query to find pin objects (see constraint position '2' in the Timing Constraint window in Vivado IDE). To reduce runtime, it is recommended to get the pins through the cell objects. Please refer to Using Constraints Guide (Constraints Efficiency). An example of optimal query is: get_pins -filter {REF_PIN_NAME=~yy*} -of_objects [get_cells -hierarchical xx*].
Current XDC: /users/rleiser/work/basil_branch/examples/tdc_bdaq/SiTCP.xdc (Line: 4)
Related violations: <none>

XDCB-5#35 Warning
Runtime inefficient way to find pin objects  
The option '-to : [get_pins -hier -filter {name =~ */GMII_TXBUF/rsmpBank0LastWrAddr*/D}]' of constraint 'set_max_delay' uses inefficient query to find pin objects (see constraint position '15' in the Timing Constraint window in Vivado IDE). To reduce runtime, it is recommended to get the pins through the cell objects. Please refer to Using Constraints Guide (Constraints Efficiency). An example of optimal query is: get_pins -filter {REF_PIN_NAME=~yy*} -of_objects [get_cells -hierarchical xx*].
Current XDC: /users/rleiser/work/basil_branch/examples/tdc_bdaq/SiTCP.xdc (Line: 19)
Related violations: <none>

XDCB-5#36 Warning
Runtime inefficient way to find pin objects  
The option '-to : [get_pins -hier -filter {name =~ */GMII_TXBUF/rsmpBank1LastWrAddr*/D}]' of constraint 'set_max_delay' uses inefficient query to find pin objects (see constraint position '16' in the Timing Constraint window in Vivado IDE). To reduce runtime, it is recommended to get the pins through the cell objects. Please refer to Using Constraints Guide (Constraints Efficiency). An example of optimal query is: get_pins -filter {REF_PIN_NAME=~yy*} -of_objects [get_cells -hierarchical xx*].
Current XDC: /users/rleiser/work/basil_branch/examples/tdc_bdaq/SiTCP.xdc (Line: 20)
Related violations: <none>

XDCB-5#37 Warning
Runtime inefficient way to find pin objects  
The option '-to : [get_pins -hier -filter {name =~ */GMII_TXBUF/rsmpMuxTrnsEnd*/D}]' of constraint 'set_max_delay' uses inefficient query to find pin objects (see constraint position '3' in the Timing Constraint window in Vivado IDE). To reduce runtime, it is recommended to get the pins through the cell objects. Please refer to Using Constraints Guide (Constraints Efficiency). An example of optimal query is: get_pins -filter {REF_PIN_NAME=~yy*} -of_objects [get_cells -hierarchical xx*].
Current XDC: /users/rleiser/work/basil_branch/examples/tdc_bdaq/SiTCP.xdc (Line: 5)
Related violations: <none>

XDCB-5#38 Warning
Runtime inefficient way to find pin objects  
The option '-to : [get_pins -hier -filter {name =~ */GMII_TXCNT/irMacPauseExe_0/D}]' of constraint 'set_max_delay' uses inefficient query to find pin objects (see constraint position '19' in the Timing Constraint window in Vivado IDE). To reduce runtime, it is recommended to get the pins through the cell objects. Please refer to Using Constraints Guide (Constraints Efficiency). An example of optimal query is: get_pins -filter {REF_PIN_NAME=~yy*} -of_objects [get_cells -hierarchical xx*].
Current XDC: /users/rleiser/work/basil_branch/examples/tdc_bdaq/SiTCP.xdc (Line: 24)
Related violations: <none>

XDCB-5#39 Warning
Runtime inefficient way to find pin objects  
The option '-to : [get_pins -hier -filter {name =~ */GMII_TXCNT/irMacPauseTime*/D}]' of constraint 'set_max_delay' uses inefficient query to find pin objects (see constraint position '18' in the Timing Constraint window in Vivado IDE). To reduce runtime, it is recommended to get the pins through the cell objects. Please refer to Using Constraints Guide (Constraints Efficiency). An example of optimal query is: get_pins -filter {REF_PIN_NAME=~yy*} -of_objects [get_cells -hierarchical xx*].
Current XDC: /users/rleiser/work/basil_branch/examples/tdc_bdaq/SiTCP.xdc (Line: 23)
Related violations: <none>


